Archive member included to satisfy reference by file (symbol)

/Users/arjanvanvught/Library/xPacks/@xpack-dev-tools/arm-none-eabi-gcc/11.3.1-1.1.2/.content/bin/../lib/gcc/arm-none-eabi/11.3.1/thumb/v7-m/nofp/libgcc.a(_popcountsi2.o)
                              build_gd32/lib/networkdisplay.o (__popcountsi2)
../lib-c/lib_gd32/libc.a(printf.o)
                              build_gd32/firmware/main.o (vsnprintf)
/Users/arjanvanvught/Library/xPacks/@xpack-dev-tools/arm-none-eabi-gcc/11.3.1-1.1.2/.content/bin/../lib/gcc/arm-none-eabi/11.3.1/thumb/v7-m/nofp/libgcc.a(_aeabi_uldivmod.o)
                              ../lib-c/lib_gd32/libc.a(printf.o) (__aeabi_uldivmod)
/Users/arjanvanvught/Library/xPacks/@xpack-dev-tools/arm-none-eabi-gcc/11.3.1-1.1.2/.content/bin/../lib/gcc/arm-none-eabi/11.3.1/thumb/v7-m/nofp/libgcc.a(_udivmoddi4.o)
                              /Users/arjanvanvught/Library/xPacks/@xpack-dev-tools/arm-none-eabi-gcc/11.3.1-1.1.2/.content/bin/../lib/gcc/arm-none-eabi/11.3.1/thumb/v7-m/nofp/libgcc.a(_aeabi_uldivmod.o) (__udivmoddi4)
/Users/arjanvanvught/Library/xPacks/@xpack-dev-tools/arm-none-eabi-gcc/11.3.1-1.1.2/.content/bin/../lib/gcc/arm-none-eabi/11.3.1/thumb/v7-m/nofp/libgcc.a(_dvmd_tls.o)
                              /Users/arjanvanvught/Library/xPacks/@xpack-dev-tools/arm-none-eabi-gcc/11.3.1-1.1.2/.content/bin/../lib/gcc/arm-none-eabi/11.3.1/thumb/v7-m/nofp/libgcc.a(_aeabi_uldivmod.o) (__aeabi_ldiv0)
../lib-remoteconfig/lib_gd32/libremoteconfig.a(remoteconfig.o)
                              build_gd32/firmware/main.o (RemoteConfig::RemoteConfig(remoteconfig::Node, remoteconfig::Output, unsigned int))
../lib-remoteconfig/lib_gd32/libremoteconfig.a(remoteconfigfactory.o)
                              ../lib-remoteconfig/lib_gd32/libremoteconfig.a(remoteconfig.o) (RemoteConfig::HandleFactory())
../lib-remoteconfig/lib_gd32/libremoteconfig.a(remoteconfigparams.o)
                              build_gd32/firmware/main.o (RemoteConfigParams::RemoteConfigParams(RemoteConfigParamsStore*))
../lib-remoteconfig/lib_gd32/libremoteconfig.a(remoteconfigreboot.o)
                              ../lib-remoteconfig/lib_gd32/libremoteconfig.a(remoteconfig.o) (RemoteConfig::HandleReboot())
../lib-remoteconfig/lib_gd32/libremoteconfig.a(remoteconfigstatic.o)
                              ../lib-remoteconfig/lib_gd32/libremoteconfig.a(remoteconfig.o) (RemoteConfig::GetIndex(void const*, unsigned int&))
../lib-remoteconfig/lib_gd32/libremoteconfig.a(tftpfileserver.o)
                              ../lib-remoteconfig/lib_gd32/libremoteconfig.a(remoteconfig.o) (TFTPFileServer::TFTPFileServer(unsigned char*, unsigned int))
../lib-remoteconfig/lib_gd32/libremoteconfig.a(remoteconfigconst.o)
                              ../lib-remoteconfig/lib_gd32/libremoteconfig.a(remoteconfigparams.o) (RemoteConfigConst::PARAMS_DISPLAY_NAME)
../lib-remoteconfig/lib_gd32/libremoteconfig.a(tftpfileserver.o)
                              ../lib-remoteconfig/lib_gd32/libremoteconfig.a(tftpfileserver.o) (tftpfileserver::is_valid(void const*))
../lib-flashcodeinstall/lib_gd32/libflashcodeinstall.a(flashcodeinstall.o)
                              ../lib-remoteconfig/lib_gd32/libremoteconfig.a(remoteconfig.o) (FlashCodeInstall::WriteFirmware(unsigned char const*, unsigned int))
../lib-flashcodeinstall/lib_gd32/libflashcodeinstall.a(flashcodeinstall.o)
                              build_gd32/firmware/main.o (FlashCodeInstall::FlashCodeInstall())
../lib-configstore/lib_gd32/libconfigstore.a(configstore.o)
                              build_gd32/firmware/main.o (ConfigStore::ConfigStore())
../lib-configstore/lib_gd32/libconfigstore.a(storenetwork.o)
                              build_gd32/firmware/main.o (StoreNetwork::StoreNetwork())
../lib-configstore/lib_gd32/libconfigstore.a(storeremoteconfig.o)
                              build_gd32/firmware/main.o (StoreRemoteConfig::StoreRemoteConfig())
../lib-configstore/lib_gd32/libconfigstore.a(storedevice.o)
                              ../lib-configstore/lib_gd32/libconfigstore.a(configstore.o) (StoreDevice::StoreDevice())
../lib-display/lib_gd32/libdisplay.a(display.o)
                              build_gd32/firmware/main.o (Display::Display(unsigned int))
../lib-display/lib_gd32/libdisplay.a(ssd1306.o)
                              ../lib-display/lib_gd32/libdisplay.a(display.o) (Ssd1306::Ssd1306(TOledPanel))
../lib-display/lib_gd32/libdisplay.a(display_timeout.o)
                              ../lib-display/lib_gd32/libdisplay.a(display.o) (display::timeout::gpio_init())
../lib-flashcode/lib_gd32/libflashcode.a(flashcode.o)
                              ../lib-flashcodeinstall/lib_gd32/libflashcodeinstall.a(flashcodeinstall.o) (FlashCode::FlashCode())
../lib-flashcode/lib_gd32/libflashcode.a(flashcode.o)
                              ../lib-flashcodeinstall/lib_gd32/libflashcodeinstall.a(flashcodeinstall.o) (FlashCode::GetSize() const)
[...]
Memory Configuration

Name             Origin             Length             Attributes
FLASH            0x0000000008000000 0x0000000000008000 xr
RAM              0x0000000020000000 0x0000000000040000 xrw
*default*        0x0000000000000000 0xffffffffffffffff

Linker script and memory map

LOAD build_gd32/startup_gd32f20x_cl.o
LOAD build_gd32/firmware/main.o
LOAD build_gd32/lib/networkdisplay.o
                0x000000000003ac00                __heap_size = DEFINED (__heap_size)?__heap_size:0x3ac00
                0x0000000000000400                __stack_size = DEFINED (__stack_size)?__stack_size:0x400

.vectors        0x0000000008000000      0x1a8
                0x0000000008000000                . = ALIGN (0x4)
 *(.vectors)
 .vectors       0x0000000008000000      0x1a8 build_gd32/startup_gd32f20x_cl.o
                0x0000000008000000                __gVectors
                0x00000000080001a8                . = ALIGN (0x4)
                0x00000000080001a8                __Vectors_End = .
                0x00000000080001a8                __Vectors_Size = (__Vectors_End - __gVectors)

.text           0x00000000080001a8     0x677c
                0x00000000080001a8                . = ALIGN (0x4)
 *(.text.unlikely*)
 .text.unlikely.net_init
                0x00000000080001a8       0xa0 ../lib-network/lib_gd32/libnetwork.a(net.o)
                0x00000000080001a8                net_init
 .text.unlikely.net_shutdown
                0x0000000008000248       0x1c ../lib-network/lib_gd32/libnetwork.a(net.o)
                0x0000000008000248                net_shutdown
 .text.unlikely.rfc3927_init
                0x0000000008000264       0x18 ../lib-network/lib_gd32/libnetwork.a(rfc3927.o)
                0x0000000008000264                rfc3927_init
 .text.unlikely.tcp_init
                0x000000000800027c       0x44 ../lib-network/lib_gd32/libnetwork.a(tcp.o)
                0x000000000800027c                tcp_init
 .text.unlikely.udp_init
                0x00000000080002c0       0x50 ../lib-network/lib_gd32/libnetwork.a(udp.o)
                0x00000000080002c0                udp_init
 .text.unlikely.udp_shutdown
                0x0000000008000310        0x2 ../lib-network/lib_gd32/libnetwork.a(udp.o)
                0x0000000008000310                udp_shutdown
 *fill*         0x0000000008000312        0x2 
 .text.unlikely.arp_init
                0x0000000008000314       0xf8 ../lib-network/lib_gd32/libnetwork.a(arp.o)
                0x0000000008000314                arp_init
 .text.unlikely.arp_cache_init
                0x000000000800040c       0x34 ../lib-network/lib_gd32/libnetwork.a(arp_cache.o)
                0x000000000800040c                arp_cache_init
 .text.unlikely.igmp_init
                0x0000000008000440       0xb8 ../lib-network/lib_gd32/libnetwork.a(igmp.o)
                0x0000000008000440                igmp_init
 .text.unlikely.igmp_shutdown
                0x00000000080004f8       0x18 ../lib-network/lib_gd32/libnetwork.a(igmp.o)
                0x00000000080004f8                igmp_shutdown
 .text.unlikely.ip_init
                0x0000000008000510       0x16 ../lib-network/lib_gd32/libnetwork.a(ip.o)
                0x0000000008000510                ip_init
 .text.unlikely.ip_shutdown
                0x0000000008000526        0xe ../lib-network/lib_gd32/libnetwork.a(ip.o)
                0x0000000008000526                ip_shutdown
 .text.unlikely.console_init
                0x0000000008000534       0x20 ../lib-hal/lib_gd32/libhal.a(console_uart0.o)
                0x0000000008000534                console_init
 *(.text.hot*)
 .text.hot.net_handle
                0x0000000008000554       0x38 ../lib-network/lib_gd32/libnetwork.a(net.o)
                0x0000000008000554                net_handle
 .text.hot.udp_handle
                0x000000000800058c       0xac ../lib-network/lib_gd32/libnetwork.a(udp.o)
                0x000000000800058c                udp_handle
 .text.hot.arp_handle
                0x0000000008000638       0x18 ../lib-network/lib_gd32/libnetwork.a(arp.o)
                0x0000000008000638                arp_handle
 .text.hot.igmp_handle
                0x0000000008000650       0xa0 ../lib-network/lib_gd32/libnetwork.a(igmp.o)
                0x0000000008000650                igmp_handle
 .text.hot.ip_handle
                0x00000000080006f0       0x26 ../lib-network/lib_gd32/libnetwork.a(ip.o)
                0x00000000080006f0                ip_handle
 *fill*         0x0000000008000716        0x2 
 .text.hot.icmp_handle
                0x0000000008000718       0x98 ../lib-network/lib_gd32/libnetwork.a(icmp.o)
                0x0000000008000718                icmp_handle
 *(.text)
 .text          0x00000000080007b0       0x30 /Users/arjanvanvught/Library/xPacks/@xpack-dev-tools/arm-none-eabi-gcc/11.3.1-1.1.2/.content/bin/../lib/gcc/arm-none-eabi/11.3.1/thumb/v7-m/nofp/libgcc.a(_aeabi_uldivmod.o)
                0x00000000080007b0                __aeabi_uldivmod
 .text          0x00000000080007e0        0x4 /Users/arjanvanvught/Library/xPacks/@xpack-dev-tools/arm-none-eabi-gcc/11.3.1-1.1.2/.content/bin/../lib/gcc/arm-none-eabi/11.3.1/thumb/v7-m/nofp/libgcc.a(_dvmd_tls.o)
                0x00000000080007e0                __aeabi_ldiv0
                0x00000000080007e0                __aeabi_idiv0
 *(.text*)
 .text.Reset_Handler
                0x00000000080007e4       0x44 build_gd32/startup_gd32f20x_cl.o
                0x00000000080007e4                Reset_Handler
 .text.Default_Handler
                0x0000000008000828        0x2 build_gd32/startup_gd32f20x_cl.o
                0x0000000008000828                ENET_IRQHandler
                0x0000000008000828                TIMER2_IRQHandler
                0x0000000008000828                TIMER5_IRQHandler
                0x0000000008000828                DebugMon_Handler
                0x0000000008000828                LVD_IRQHandler
                0x0000000008000828                CAN1_EWMC_IRQHandler
                0x0000000008000828                HardFault_Handler
                0x0000000008000828                TIMER7_UP_TIMER12_IRQHandler
                0x0000000008000828                ADC0_1_IRQHandler
                0x0000000008000828                SDIO_IRQHandler
                0x0000000008000828                PendSV_Handler
                0x0000000008000828                NMI_Handler
                0x0000000008000828                EXTI3_IRQHandler
                0x0000000008000828                DCI_IRQHandler
                0x0000000008000828                USBFS_WKUP_IRQHandler
                0x0000000008000828                TIMER0_TRG_CMT_TIMER10_IRQHandler
                0x0000000008000828                USBFS_IRQHandler
                0x0000000008000828                TIMER3_IRQHandler
                0x0000000008000828                DMA0_Channel6_IRQHandler
                0x0000000008000828                I2C0_EV_IRQHandler
                0x0000000008000828                EXTI0_IRQHandler
                0x0000000008000828                I2C2_EV_IRQHandler
                0x0000000008000828                CAU_IRQHandler
                0x0000000008000828                CAN1_RX0_IRQHandler
                0x0000000008000828                TIMER7_TRG_CMT_TIMER13_IRQHandler
                0x0000000008000828                UsageFault_Handler
                0x0000000008000828                TIMER4_IRQHandler
                0x0000000008000828                SPI1_IRQHandler
                0x0000000008000828                DMA0_Channel0_IRQHandler
                0x0000000008000828                USART5_IRQHandler
                0x0000000008000828                TAMPER_IRQHandler
                0x0000000008000828                TIMER0_BRK_TIMER8_IRQHandler
                0x0000000008000828                DMA1_Channel0_IRQHandler
                0x0000000008000828                TIMER7_BRK_TIMER11_IRQHandler
                0x0000000008000828                TIMER6_IRQHandler
                0x0000000008000828                DMA1_Channel4_IRQHandler
                0x0000000008000828                DMA0_Channel3_IRQHandler
                0x0000000008000828                I2C0_ER_IRQHandler
                0x0000000008000828                TLI_IRQHandler
                0x0000000008000828                TIMER0_UP_TIMER9_IRQHandler
                0x0000000008000828                RTC_IRQHandler
                0x0000000008000828                CAN1_RX1_IRQHandler
                0x0000000008000828                DMA0_Channel2_IRQHandler
                0x0000000008000828                USART0_IRQHandler
                0x0000000008000828                TIMER1_IRQHandler
                0x0000000008000828                I2C1_EV_IRQHandler
                0x0000000008000828                DMA1_Channel6_IRQHandler
                0x0000000008000828                UART4_IRQHandler
                0x0000000008000828                EXTI10_15_IRQHandler
                0x0000000008000828                DMA1_Channel1_IRQHandler
                0x0000000008000828                Default_Handler
                0x0000000008000828                TIMER7_Channel_IRQHandler
                0x0000000008000828                CAN0_TX_IRQHandler
                0x0000000008000828                WWDGT_IRQHandler
                0x0000000008000828                EXMC_IRQHandler
                0x0000000008000828                ADC2_IRQHandler
                0x0000000008000828                SPI2_IRQHandler
                0x0000000008000828                MemManage_Handler
                0x0000000008000828                CAN1_TX_IRQHandler
                0x0000000008000828                SVC_Handler
                0x0000000008000828                HAU_TRNG_IRQHandler
                0x0000000008000828                DMA1_Channel5_IRQHandler
                0x0000000008000828                EXTI4_IRQHandler
                0x0000000008000828                CAN0_RX1_IRQHandler
                0x0000000008000828                DMA0_Channel5_IRQHandler
                0x0000000008000828                DMA1_Channel3_IRQHandler
                0x0000000008000828                EXTI5_9_IRQHandler
                0x0000000008000828                RCU_IRQHandler
                0x0000000008000828                DMA0_Channel1_IRQHandler
                0x0000000008000828                TIMER0_Channel_IRQHandler
                0x0000000008000828                EXTI1_IRQHandler
                0x0000000008000828                ENET_WKUP_IRQHandler
                0x0000000008000828                RTCAlarm_IRQHandler
                0x0000000008000828                UART7_IRQHandler
                0x0000000008000828                USART2_IRQHandler
                0x0000000008000828                UART6_IRQHandler
                0x0000000008000828                CAN0_EWMC_IRQHandler
                0x0000000008000828                CAN0_RX0_IRQHandler
                0x0000000008000828                I2C2_ER_IRQHandler
                0x0000000008000828                DMA1_Channel2_IRQHandler
                0x0000000008000828                TLI_ER_IRQHandler
                0x0000000008000828                BusFault_Handler
                0x0000000008000828                USART1_IRQHandler
                0x0000000008000828                UART3_IRQHandler
                0x0000000008000828                I2C1_ER_IRQHandler
                0x0000000008000828                FMC_IRQHandler
                0x0000000008000828                DMA0_Channel4_IRQHandler
                0x0000000008000828                EXTI2_IRQHandler
 .text._ZN7Display6PrintfEhPKcz
                0x000000000800082a       0x38 build_gd32/firmware/main.o
                0x000000000800082a                Display::Printf(unsigned char, char const*, ...)
 .text._ZN8Hardware13RebootHandlerEv
                0x0000000008000862        0x2 build_gd32/firmware/main.o
                0x0000000008000862                Hardware::RebootHandler()
 .text.startup.main
                0x0000000008000864      0x1c8 build_gd32/firmware/main.o
                0x0000000008000864                main
 .text._ZN7Display9PutStringEPKc.isra.0
                0x0000000008000a2c        0xa build_gd32/lib/networkdisplay.o
 .text._ZN7Display9ClearLineEh.isra.0
                0x0000000008000a36        0xa build_gd32/lib/networkdisplay.o
 .text._ZN7Display6StatusE22Display7SegmentMessage
                0x0000000008000a40       0x34 build_gd32/lib/networkdisplay.o
                0x0000000008000a40                Display::Status(Display7SegmentMessage)
 .text._ZN7network18display_emac_startEv
                0x0000000008000a74       0x24 build_gd32/lib/networkdisplay.o
                0x0000000008000a74                network::display_emac_start()
 .text._ZN7network10display_ipEv
                0x0000000008000a98       0x68 build_gd32/lib/networkdisplay.o
                0x0000000008000a98                network::display_ip()
 .text._ZN7network15display_netmaskEv
                0x0000000008000b00        0x4 build_gd32/lib/networkdisplay.o
                0x0000000008000b00                network::display_netmask()
 .text._ZN7network15display_gatewayEv
                0x0000000008000b04        0x2 build_gd32/lib/networkdisplay.o
                0x0000000008000b04                network::display_gateway()
 *fill*         0x0000000008000b06        0x2 
 .text._ZN7network21display_emac_shutdownEv
                0x0000000008000b08       0x24 build_gd32/lib/networkdisplay.o
                0x0000000008000b08                network::display_emac_shutdown()
 .text._ZN7network19display_dhcp_statusENS_4dhcp12ClientStatusE
                0x0000000008000b2c       0x70 build_gd32/lib/networkdisplay.o
                0x0000000008000b2c                network::display_dhcp_status(network::dhcp::ClientStatus)
 .text.__popcountsi2
                0x0000000008000b9c       0x28 /Users/arjanvanvught/Library/xPacks/@xpack-dev-tools/arm-none-eabi-gcc/11.3.1-1.1.2/.content/bin/../lib/gcc/arm-none-eabi/11.3.1/thumb/v7-m/nofp/libgcc.a(_popcountsi2.o)
                0x0000000008000b9c                __popcountsi2
 .text._xputch  0x0000000008000bc4       0x2c ../lib-c/lib_gd32/libc.a(printf.o)
 .text._format_int
                0x0000000008000bf0       0xd4 ../lib-c/lib_gd32/libc.a(printf.o)
 .text._format_hex
                0x0000000008000cc4       0xba ../lib-c/lib_gd32/libc.a(printf.o)
 *fill*         0x0000000008000d7e        0x2 
 .text._vprintf
                0x0000000008000d80      0x234 ../lib-c/lib_gd32/libc.a(printf.o)
 .text.printf   0x0000000008000fb4       0x1e ../lib-c/lib_gd32/libc.a(printf.o)
                0x0000000008000fb4                printf
 *fill*         0x0000000008000fd2        0x2 
 .text.snprintf
                0x0000000008000fd4       0x30 ../lib-c/lib_gd32/libc.a(printf.o)
                0x0000000008000fd4                snprintf
 .text.vsnprintf
                0x0000000008001004       0x20 ../lib-c/lib_gd32/libc.a(printf.o)
                0x0000000008001004                vsnprintf
 .text.__udivmoddi4
                0x0000000008001024      0x2cc /Users/arjanvanvught/Library/xPacks/@xpack-dev-tools/arm-none-eabi-gcc/11.3.1-1.1.2/.content/bin/../lib/gcc/arm-none-eabi/11.3.1/thumb/v7-m/nofp/libgcc.a(_udivmoddi4.o)
                0x0000000008001024                __udivmoddi4
 .text._ZN12RemoteConfig10HandleListEv
                0x00000000080012f0       0xd0 ../lib-remoteconfig/lib_gd32/libremoteconfig.a(remoteconfig.o)
                0x00000000080012f0                RemoteConfig::HandleList()
 .text._ZN12RemoteConfig13HandleTftpGetEv
                0x00000000080013c0       0x50 ../lib-remoteconfig/lib_gd32/libremoteconfig.a(remoteconfig.o)
                0x00000000080013c0                RemoteConfig::HandleTftpGet()
 .text._ZN12RemoteConfig13HandleVersionEv
                0x0000000008001410       0x40 ../lib-remoteconfig/lib_gd32/libremoteconfig.a(remoteconfig.o)
                0x0000000008001410                RemoteConfig::HandleVersion()
 .text._ZN12RemoteConfig12HandleUptimeEv
                0x0000000008001450       0x4c ../lib-remoteconfig/lib_gd32/libremoteconfig.a(remoteconfig.o)
                0x0000000008001450                RemoteConfig::HandleUptime()
 .text._ZN7Display10TextStatusEPKc
                0x000000000800149c       0x76 ../lib-remoteconfig/lib_gd32/libremoteconfig.a(remoteconfig.o)
                0x000000000800149c                Display::TextStatus(char const*)
 .text._ZN7Display10TextStatusEPKc22Display7SegmentMessagej
                0x0000000008001512       0x50 ../lib-remoteconfig/lib_gd32/libremoteconfig.a(remoteconfig.o)
                0x0000000008001512                Display::TextStatus(char const*, Display7SegmentMessage, unsigned int)
 *fill*         0x0000000008001562        0x2 
 .text._ZN12RemoteConfig13HandleTftpSetEv
                0x0000000008001564      0x118 ../lib-remoteconfig/lib_gd32/libremoteconfig.a(remoteconfig.o)
                0x0000000008001564                RemoteConfig::HandleTftpSet()
 .text._ZN12RemoteConfigC2EN12remoteconfig4NodeENS0_6OutputEj
                0x000000000800167c       0x6c ../lib-remoteconfig/lib_gd32/libremoteconfig.a(remoteconfig.o)
                0x000000000800167c                RemoteConfig::RemoteConfig(remoteconfig::Node, remoteconfig::Output, unsigned int)
                0x000000000800167c                RemoteConfig::RemoteConfig(remoteconfig::Node, remoteconfig::Output, unsigned int)
 .text._ZN12RemoteConfig10SetDisableEb
                0x00000000080016e8       0x40 ../lib-remoteconfig/lib_gd32/libremoteconfig.a(remoteconfig.o)
                0x00000000080016e8                RemoteConfig::SetDisable(bool)
 .text._ZN12RemoteConfig14SetDisplayNameEPKc
                0x0000000008001728       0x30 ../lib-remoteconfig/lib_gd32/libremoteconfig.a(remoteconfig.o)
                0x0000000008001728                RemoteConfig::SetDisplayName(char const*)
 .text._ZN12RemoteConfig3RunEv
                0x0000000008001758      0x118 ../lib-remoteconfig/lib_gd32/libremoteconfig.a(remoteconfig.o)
                0x0000000008001758                RemoteConfig::Run()
 .text._ZN12RemoteConfig8TftpExitEv
                0x0000000008001870       0x14 ../lib-remoteconfig/lib_gd32/libremoteconfig.a(remoteconfig.o)
                0x0000000008001870                RemoteConfig::TftpExit()
 .text._ZN12RemoteConfig13HandleFactoryEv
                0x0000000008001884       0x1c ../lib-remoteconfig/lib_gd32/libremoteconfig.a(remoteconfigfactory.o)
                0x0000000008001884                RemoteConfig::HandleFactory()
 .text._ZN18RemoteConfigParamsC2EP23RemoteConfigParamsStore
                0x00000000080018a0       0x14 ../lib-remoteconfig/lib_gd32/libremoteconfig.a(remoteconfigparams.o)
                0x00000000080018a0                RemoteConfigParams::RemoteConfigParams(RemoteConfigParamsStore*)
                0x00000000080018a0                RemoteConfigParams::RemoteConfigParams(RemoteConfigParamsStore*)
 .text._ZN18RemoteConfigParams4LoadEv
                0x00000000080018b4       0x18 ../lib-remoteconfig/lib_gd32/libremoteconfig.a(remoteconfigparams.o)
                0x00000000080018b4                RemoteConfigParams::Load()
 .text._ZN18RemoteConfigParams3SetEP12RemoteConfig
                0x00000000080018cc       0x40 ../lib-remoteconfig/lib_gd32/libremoteconfig.a(remoteconfigparams.o)
                0x00000000080018cc                RemoteConfigParams::Set(RemoteConfig*)
 .text._ZN12RemoteConfig12HandleRebootEv
                0x000000000800190c       0xa4 ../lib-remoteconfig/lib_gd32/libremoteconfig.a(remoteconfigreboot.o)
                0x000000000800190c                RemoteConfig::HandleReboot()
 .text._ZN14TFTPFileServer8FileOpenEPKc8TFTPMode
                0x00000000080019b0        0x4 ../lib-remoteconfig/lib_gd32/libremoteconfig.a(tftpfileserver.o)
                0x00000000080019b0                TFTPFileServer::FileOpen(char const*, TFTPMode)
 .text._ZN14TFTPFileServer8FileReadEPvjj
                0x00000000080019b4        0x4 ../lib-remoteconfig/lib_gd32/libremoteconfig.a(tftpfileserver.o)
                0x00000000080019b4                TFTPFileServer::FileRead(void*, unsigned int, unsigned int)
 .text._ZN14TFTPFileServer4ExitEv
                0x00000000080019b8        0xc ../lib-remoteconfig/lib_gd32/libremoteconfig.a(tftpfileserver.o)
                0x00000000080019b8                TFTPFileServer::Exit()
 .text._ZN14TFTPFileServerD2Ev
                0x00000000080019c4       0x14 ../lib-remoteconfig/lib_gd32/libremoteconfig.a(tftpfileserver.o)
                0x00000000080019c4                TFTPFileServer::~TFTPFileServer()
                0x00000000080019c4                TFTPFileServer::~TFTPFileServer()
 .text._ZN14TFTPFileServerD0Ev
                0x00000000080019d8       0x12 ../lib-remoteconfig/lib_gd32/libremoteconfig.a(tftpfileserver.o)
                0x00000000080019d8                TFTPFileServer::~TFTPFileServer()
 .text._ZN14TFTPFileServer9FileWriteEPKvjj
                0x00000000080019ea       0x5a ../lib-remoteconfig/lib_gd32/libremoteconfig.a(tftpfileserver.o)
                0x00000000080019ea                TFTPFileServer::FileWrite(void const*, unsigned int, unsigned int)
 .text._ZN14TFTPFileServer9FileCloseEv
                0x0000000008001a44       0x34 ../lib-remoteconfig/lib_gd32/libremoteconfig.a(tftpfileserver.o)
                0x0000000008001a44                TFTPFileServer::FileClose()
 .text._ZN14TFTPFileServer10FileCreateEPKc8TFTPMode
                0x0000000008001a78       0x58 ../lib-remoteconfig/lib_gd32/libremoteconfig.a(tftpfileserver.o)
                0x0000000008001a78                TFTPFileServer::FileCreate(char const*, TFTPMode)
 .text._ZN14TFTPFileServerC2EPhj
                0x0000000008001ad0       0x28 ../lib-remoteconfig/lib_gd32/libremoteconfig.a(tftpfileserver.o)
                0x0000000008001ad0                TFTPFileServer::TFTPFileServer(unsigned char*, unsigned int)
                0x0000000008001ad0                TFTPFileServer::TFTPFileServer(unsigned char*, unsigned int)
 .text._ZN14tftpfileserver8is_validEPKv
                0x0000000008001af8        0x4 ../lib-remoteconfig/lib_gd32/libremoteconfig.a(tftpfileserver.o)
                0x0000000008001af8                tftpfileserver::is_valid(void const*)
 .text._ZN16FlashCodeInstall13WriteFirmwareEPKhj
                0x0000000008001afc      0x120 ../lib-flashcodeinstall/lib_gd32/libflashcodeinstall.a(flashcodeinstall.o)
                0x0000000008001afc                FlashCodeInstall::WriteFirmware(unsigned char const*, unsigned int)
 .text._ZN16FlashCodeInstallC2Ev
                0x0000000008001c1c       0x88 ../lib-flashcodeinstall/lib_gd32/libflashcodeinstall.a(flashcodeinstall.o)
                0x0000000008001c1c                FlashCodeInstall::FlashCodeInstall()
                0x0000000008001c1c                FlashCodeInstall::FlashCodeInstall()
 .text._ZN11ConfigStore14GetStoreOffsetEN11configstore5StoreE
                0x0000000008001ca4       0x1c ../lib-configstore/lib_gd32/libconfigstore.a(configstore.o)
                0x0000000008001ca4                ConfigStore::GetStoreOffset(configstore::Store)
 .text._ZN11ConfigStore4InitEv
                0x0000000008001cc0      0x124 ../lib-configstore/lib_gd32/libconfigstore.a(configstore.o)
                0x0000000008001cc0                ConfigStore::Init()
 .text._ZN11ConfigStoreC2Ev
                0x0000000008001de4       0x48 ../lib-configstore/lib_gd32/libconfigstore.a(configstore.o)
                0x0000000008001de4                ConfigStore::ConfigStore()
                0x0000000008001de4                ConfigStore::ConfigStore()
 .text._ZN11ConfigStore12ResetSetListEN11configstore5StoreE
                0x0000000008001e2c       0x24 ../lib-configstore/lib_gd32/libconfigstore.a(configstore.o)
                0x0000000008001e2c                ConfigStore::ResetSetList(configstore::Store)
 .text._ZN11ConfigStore6UpdateEN11configstore5StoreEjPKvjjj
                0x0000000008001e50       0x80 ../lib-configstore/lib_gd32/libconfigstore.a(configstore.o)
                0x0000000008001e50                ConfigStore::Update(configstore::Store, unsigned int, void const*, unsigned int, unsigned int, unsigned int)
 .text._ZN11ConfigStore4CopyEN11configstore5StoreEPvjjb
                0x0000000008001ed0       0x64 ../lib-configstore/lib_gd32/libconfigstore.a(configstore.o)
                0x0000000008001ed0                ConfigStore::Copy(configstore::Store, void*, unsigned int, unsigned int, bool)
 .text._ZN11ConfigStore5FlashEv
                0x0000000008001f34       0xac ../lib-configstore/lib_gd32/libconfigstore.a(configstore.o)
                0x0000000008001f34                ConfigStore::Flash()
 .text._ZN12StoreNetworkD2Ev
                0x0000000008001fe0        0x6 ../lib-configstore/lib_gd32/libconfigstore.a(storenetwork.o)
                0x0000000008001fe0                StoreNetwork::~StoreNetwork()
                0x0000000008001fe0                StoreNetwork::~StoreNetwork()
                0x0000000008001fe2                non-virtual thunk to StoreNetwork::~StoreNetwork()
 *fill*         0x0000000008001fe6        0x2 
 .text._ZN12StoreNetwork6UpdateEPKN13networkparams6ParamsE
                0x0000000008001fe8       0x24 ../lib-configstore/lib_gd32/libconfigstore.a(storenetwork.o)
                0x0000000008001fe8                StoreNetwork::Update(networkparams::Params const*)
 .text._ZN12StoreNetwork8SaveDhcpEb
                0x000000000800200c       0x30 ../lib-configstore/lib_gd32/libconfigstore.a(storenetwork.o)
                0x000000000800200c                StoreNetwork::SaveDhcp(bool)
                0x0000000008002034                non-virtual thunk to StoreNetwork::SaveDhcp(bool)
 .text._ZN12StoreNetwork13SaveGatewayIpEj
                0x000000000800203c       0x30 ../lib-configstore/lib_gd32/libconfigstore.a(storenetwork.o)
                0x000000000800203c                StoreNetwork::SaveGatewayIp(unsigned int)
                0x0000000008002064                non-virtual thunk to StoreNetwork::SaveGatewayIp(unsigned int)
 .text._ZN12StoreNetwork11SaveNetMaskEj
                0x000000000800206c       0x2c ../lib-configstore/lib_gd32/libconfigstore.a(storenetwork.o)
                0x000000000800206c                StoreNetwork::SaveNetMask(unsigned int)
                0x0000000008002090                non-virtual thunk to StoreNetwork::SaveNetMask(unsigned int)
 .text._ZN12StoreNetwork6SaveIpEj
                0x0000000008002098       0x2c ../lib-configstore/lib_gd32/libconfigstore.a(storenetwork.o)
                0x0000000008002098                StoreNetwork::SaveIp(unsigned int)
                0x00000000080020bc                non-virtual thunk to StoreNetwork::SaveIp(unsigned int)
 .text._ZN12StoreNetwork12SaveHostNameEPKcj
                0x00000000080020c4       0x30 ../lib-configstore/lib_gd32/libconfigstore.a(storenetwork.o)
                0x00000000080020c4                StoreNetwork::SaveHostName(char const*, unsigned int)
                0x00000000080020ec                non-virtual thunk to StoreNetwork::SaveHostName(char const*, unsigned int)
 .text._ZN12StoreNetworkD0Ev
                0x00000000080020f4       0x12 ../lib-configstore/lib_gd32/libconfigstore.a(storenetwork.o)
                0x00000000080020f4                StoreNetwork::~StoreNetwork()
                0x0000000008002100                non-virtual thunk to StoreNetwork::~StoreNetwork()
 *fill*         0x0000000008002106        0x2 
 .text._ZN12StoreNetwork4CopyEPN13networkparams6ParamsE
                0x0000000008002108       0x20 ../lib-configstore/lib_gd32/libconfigstore.a(storenetwork.o)
                0x0000000008002108                StoreNetwork::Copy(networkparams::Params*)
 .text._ZN12StoreNetworkC2Ev
                0x0000000008002128       0x18 ../lib-configstore/lib_gd32/libconfigstore.a(storenetwork.o)
                0x0000000008002128                StoreNetwork::StoreNetwork()
                0x0000000008002128                StoreNetwork::StoreNetwork()
 .text._ZN17StoreRemoteConfigD2Ev
                0x0000000008002140        0x2 ../lib-configstore/lib_gd32/libconfigstore.a(storeremoteconfig.o)
                0x0000000008002140                StoreRemoteConfig::~StoreRemoteConfig()
                0x0000000008002140                StoreRemoteConfig::~StoreRemoteConfig()
 *fill*         0x0000000008002142        0x2 
 .text._ZN17StoreRemoteConfig4CopyEP19TRemoteConfigParams
                0x0000000008002144       0x24 ../lib-configstore/lib_gd32/libconfigstore.a(storeremoteconfig.o)
                0x0000000008002144                StoreRemoteConfig::Copy(TRemoteConfigParams*)
 .text._ZN17StoreRemoteConfig6UpdateEPK19TRemoteConfigParams
                0x0000000008002168       0x24 ../lib-configstore/lib_gd32/libconfigstore.a(storeremoteconfig.o)
                0x0000000008002168                StoreRemoteConfig::Update(TRemoteConfigParams const*)
 .text._ZN17StoreRemoteConfigD0Ev
                0x000000000800218c        0xc ../lib-configstore/lib_gd32/libconfigstore.a(storeremoteconfig.o)
                0x000000000800218c                StoreRemoteConfig::~StoreRemoteConfig()
 .text._ZN17StoreRemoteConfigC2Ev
                0x0000000008002198       0x14 ../lib-configstore/lib_gd32/libconfigstore.a(storeremoteconfig.o)
                0x0000000008002198                StoreRemoteConfig::StoreRemoteConfig()
                0x0000000008002198                StoreRemoteConfig::StoreRemoteConfig()
 .text._ZN11StoreDeviceC2Ev
                0x00000000080021ac       0x48 ../lib-configstore/lib_gd32/libconfigstore.a(storedevice.o)
                0x00000000080021ac                StoreDevice::StoreDevice()
                0x00000000080021ac                StoreDevice::StoreDevice()
 .text._ZNK11StoreDevice7GetSizeEv
                0x00000000080021f4        0x4 ../lib-configstore/lib_gd32/libconfigstore.a(storedevice.o)
                0x00000000080021f4                StoreDevice::GetSize() const
 .text._ZNK11StoreDevice13GetSectorSizeEv
                0x00000000080021f8        0x4 ../lib-configstore/lib_gd32/libconfigstore.a(storedevice.o)
                0x00000000080021f8                StoreDevice::GetSectorSize() const
 .text._ZN11StoreDevice4ReadEjjPhRN11storedevice6resultE
                0x00000000080021fc       0x16 ../lib-configstore/lib_gd32/libconfigstore.a(storedevice.o)
                0x00000000080021fc                StoreDevice::Read(unsigned int, unsigned int, unsigned char*, storedevice::result&)
 .text._ZN11StoreDevice5EraseEjjRN11storedevice6resultE
                0x0000000008002212       0x14 ../lib-configstore/lib_gd32/libconfigstore.a(storedevice.o)
                0x0000000008002212                StoreDevice::Erase(unsigned int, unsigned int, storedevice::result&)
 .text._ZN11StoreDevice5WriteEjjPKhRN11storedevice6resultE
                0x0000000008002226       0x16 ../lib-configstore/lib_gd32/libconfigstore.a(storedevice.o)
                0x0000000008002226                StoreDevice::Write(unsigned int, unsigned int, unsigned char const*, storedevice::result&)
 .text._ZN7Display9PrintInfoEv.isra.0
                0x000000000800223c       0x14 ../lib-display/lib_gd32/libdisplay.a(display.o)
 .text._ZN7HAL_I2C13WriteRegisterEht
                0x0000000008002250       0x2a ../lib-display/lib_gd32/libdisplay.a(display.o)
                0x0000000008002250                HAL_I2C::WriteRegister(unsigned char, unsigned short)
 .text._ZN7HAL_I2C12IsConnected_Ehj
                0x000000000800227a       0x3c ../lib-display/lib_gd32/libdisplay.a(display.o)
                0x000000000800227a                HAL_I2C::IsConnected_(unsigned char, unsigned int)
 .text._ZN7Display14Detect7SegmentEv
                0x00000000080022b6       0x30 ../lib-display/lib_gd32/libdisplay.a(display.o)
                0x00000000080022b6                Display::Detect7Segment()
 *fill*         0x00000000080022e6        0x2 
 .text._ZN7Display6DetectEj
                0x00000000080022e8       0x58 ../lib-display/lib_gd32/libdisplay.a(display.o)
                0x00000000080022e8                Display::Detect(unsigned int)
 .text._ZN7DisplayC2Ej
                0x0000000008002340       0x50 ../lib-display/lib_gd32/libdisplay.a(display.o)
                0x0000000008002340                Display::Display(unsigned int)
                0x0000000008002340                Display::Display(unsigned int)
 .text._ZN7Ssd1306D2Ev
                0x0000000008002390        0x2 ../lib-display/lib_gd32/libdisplay.a(ssd1306.o)
                0x0000000008002390                Ssd1306::~Ssd1306()
                0x0000000008002390                Ssd1306::~Ssd1306()
 .text._ZN7Ssd13069SetCursorEj
                0x0000000008002392        0x2 ../lib-display/lib_gd32/libdisplay.a(ssd1306.o)
                0x0000000008002392                Ssd1306::SetCursor(unsigned int)
 .text._ZN7Ssd13069PrintInfoEv
                0x0000000008002394       0x28 ../lib-display/lib_gd32/libdisplay.a(ssd1306.o)
                0x0000000008002394                Ssd1306::PrintInfo()
 .text._ZN7Ssd1306D0Ev
                0x00000000080023bc        0xc ../lib-display/lib_gd32/libdisplay.a(ssd1306.o)
                0x00000000080023bc                Ssd1306::~Ssd1306()
 .text._ZN7HAL_I2C5SetupEv
                0x00000000080023c8       0x14 ../lib-display/lib_gd32/libdisplay.a(ssd1306.o)
                0x00000000080023c8                HAL_I2C::Setup()
 .text._ZN7Ssd13067PutCharEi
                0x00000000080023dc       0x28 ../lib-display/lib_gd32/libdisplay.a(ssd1306.o)
                0x00000000080023dc                Ssd1306::PutChar(int)
 .text._ZN7Ssd13069PutStringEPKc
                0x0000000008002404       0x16 ../lib-display/lib_gd32/libdisplay.a(ssd1306.o)
                0x0000000008002404                Ssd1306::PutString(char const*)
 .text._ZN7Ssd13064TextEPKcj
                0x000000000800241a       0x22 ../lib-display/lib_gd32/libdisplay.a(ssd1306.o)
                0x000000000800241a                Ssd1306::Text(char const*, unsigned int)
 .text._ZN7Ssd130611InitMembersEv
                0x000000000800243c       0x22 ../lib-display/lib_gd32/libdisplay.a(ssd1306.o)
                0x000000000800243c                Ssd1306::InitMembers()
 *fill*         0x000000000800245e        0x2 
 .text._ZN7Ssd1306C2E10TOledPanel
                0x0000000008002460       0x30 ../lib-display/lib_gd32/libdisplay.a(ssd1306.o)
                0x0000000008002460                Ssd1306::Ssd1306(TOledPanel)
                0x0000000008002460                Ssd1306::Ssd1306(TOledPanel)
 .text._ZN7Ssd130611SendCommandEh
                0x0000000008002490       0x20 ../lib-display/lib_gd32/libdisplay.a(ssd1306.o)
                0x0000000008002490                Ssd1306::SendCommand(unsigned char)
 .text._ZN7Ssd130612SetCursorPosEhh
                0x00000000080024b0       0x46 ../lib-display/lib_gd32/libdisplay.a(ssd1306.o)
                0x00000000080024b0                Ssd1306::SetCursorPos(unsigned char, unsigned char)
 .text._ZN7Ssd13068TextLineEhPKcj
                0x00000000080024f6       0x28 ../lib-display/lib_gd32/libdisplay.a(ssd1306.o)
                0x00000000080024f6                Ssd1306::TextLine(unsigned char, char const*, unsigned int)
 *fill*         0x000000000800251e        0x2 
 .text._ZN7Ssd13069ClearLineEh
                0x0000000008002520       0x3c ../lib-display/lib_gd32/libdisplay.a(ssd1306.o)
                0x0000000008002520                Ssd1306::ClearLine(unsigned char)
 .text._ZN7Ssd13068SetSleepEb
                0x000000000800255c        0xc ../lib-display/lib_gd32/libdisplay.a(ssd1306.o)
                0x000000000800255c                Ssd1306::SetSleep(bool)
 .text._ZN7Ssd130611SetContrastEh
                0x0000000008002568       0x1a ../lib-display/lib_gd32/libdisplay.a(ssd1306.o)
                0x0000000008002568                Ssd1306::SetContrast(unsigned char)
 .text._ZN7Ssd130617SetFlipVerticallyEb
                0x0000000008002582       0x24 ../lib-display/lib_gd32/libdisplay.a(ssd1306.o)
                0x0000000008002582                Ssd1306::SetFlipVertically(bool)
 *fill*         0x00000000080025a6        0x2 
 .text._ZN7Ssd130611CheckSH1106Ev
                0x00000000080025a8       0xac ../lib-display/lib_gd32/libdisplay.a(ssd1306.o)
                0x00000000080025a8                Ssd1306::CheckSH1106()
 .text._ZN7Ssd13063ClsEv
                0x0000000008002654       0x78 ../lib-display/lib_gd32/libdisplay.a(ssd1306.o)
                0x0000000008002654                Ssd1306::Cls()
 .text._ZN7Ssd13065StartEv
                0x00000000080026cc       0xb4 ../lib-display/lib_gd32/libdisplay.a(ssd1306.o)
                0x00000000080026cc                Ssd1306::Start()
 .text._ZN7display7timeout9gpio_initEv
                0x0000000008002780        0x2 ../lib-display/lib_gd32/libdisplay.a(display_timeout.o)
                0x0000000008002780                display::timeout::gpio_init()
 *fill*         0x0000000008002782        0x2 
 .text._ZN9FlashCodeC2Ev
                0x0000000008002784       0x34 ../lib-flashcode/lib_gd32/libflashcode.a(flashcode.o)
                0x0000000008002784                FlashCode::FlashCode()
                0x0000000008002784                FlashCode::FlashCode()
 .text._ZNK9FlashCode7GetNameEv
                0x00000000080027b8        0x8 ../lib-flashcode/lib_gd32/libflashcode.a(flashcode.o)
                0x00000000080027b8                FlashCode::GetName() const
 .text._ZNK9FlashCode7GetSizeEv
                0x00000000080027c0       0x10 ../lib-flashcode/lib_gd32/libflashcode.a(flashcode.o)
                0x00000000080027c0                FlashCode::GetSize() const
 .text._ZNK9FlashCode13GetSectorSizeEv
                0x00000000080027d0        0x6 ../lib-flashcode/lib_gd32/libflashcode.a(flashcode.o)
                0x00000000080027d0                FlashCode::GetSectorSize() const
 *fill*         0x00000000080027d6        0x2 
 .text._ZN9FlashCode5EraseEjjRN9flashcode6resultE
                0x00000000080027d8      0x140 ../lib-flashcode/lib_gd32/libflashcode.a(flashcode.o)
                0x00000000080027d8                FlashCode::Erase(unsigned int, unsigned int, flashcode::result&)
 .text._ZN9FlashCode5WriteEjjPKhRN9flashcode6resultE
                0x0000000008002918      0x14c ../lib-flashcode/lib_gd32/libflashcode.a(flashcode.o)
                0x0000000008002918                FlashCode::Write(unsigned int, unsigned int, unsigned char const*, flashcode::result&)
 .text._ZL24spi_flash_cmd_wait_readym
                0x0000000008002a64       0x78 ../lib-flash/lib_gd32/libflash.a(spi_flash.o)
 .text._ZL20spi_flash_read_writePKhjS0_Phj
                0x0000000008002adc       0x34 ../lib-flash/lib_gd32/libflash.a(spi_flash.o)
 .text._ZL22spi_flash_write_commonPKhjS0_jb
                0x0000000008002b10       0x64 ../lib-flash/lib_gd32/libflash.a(spi_flash.o)
 .text._Z18spi_flash_get_sizev
                0x0000000008002b74        0xc ../lib-flash/lib_gd32/libflash.a(spi_flash.o)
                0x0000000008002b74                spi_flash_get_size()
 .text._Z25spi_flash_get_sector_sizev
                0x0000000008002b80        0xc ../lib-flash/lib_gd32/libflash.a(spi_flash.o)
                0x0000000008002b80                spi_flash_get_sector_size()
 .text._Z18spi_flash_get_namev
                0x0000000008002b8c        0xc ../lib-flash/lib_gd32/libflash.a(spi_flash.o)
                0x0000000008002b8c                spi_flash_get_name()
 .text._Z25spi_flash_cmd_write_multijjPKh
                0x0000000008002b98       0x74 ../lib-flash/lib_gd32/libflash.a(spi_flash.o)
                0x0000000008002b98                spi_flash_cmd_write_multi(unsigned int, unsigned int, unsigned char const*)
 .text._Z23spi_flash_cmd_read_fastjjPh
                0x0000000008002c0c       0x56 ../lib-flash/lib_gd32/libflash.a(spi_flash.o)
                0x0000000008002c0c                spi_flash_cmd_read_fast(unsigned int, unsigned int, unsigned char*)
 *fill*         0x0000000008002c62        0x2 
 .text._Z19spi_flash_cmd_erasejj
                0x0000000008002c64       0x70 ../lib-flash/lib_gd32/libflash.a(spi_flash.o)
                0x0000000008002c64                spi_flash_cmd_erase(unsigned int, unsigned int)
 .text._Z26spi_flash_cmd_write_statush
                0x0000000008002cd4       0x28 ../lib-flash/lib_gd32/libflash.a(spi_flash.o)
                0x0000000008002cd4                spi_flash_cmd_write_status(unsigned char)
 .text._Z15spi_flash_probejjj
                0x0000000008002cfc       0x68 ../lib-flash/lib_gd32/libflash.a(spi_flash.o)
                0x0000000008002cfc                spi_flash_probe(unsigned int, unsigned int, unsigned int)
 .text._Z23spi_flash_probe_winbondP9spi_flashPh
                0x0000000008002d64       0x54 ../lib-flash/lib_gd32/libflash.a(winbond.o)
                0x0000000008002d64                spi_flash_probe_winbond(spi_flash*, unsigned char*)
 .text._Z8spi_initv
                0x0000000008002db8       0x44 ../lib-flash/lib_gd32/libflash.a(spi_flash.o)
                0x0000000008002db8                spi_init()
 .text._Z8spi_xferjPKhPhj
                0x0000000008002dfc       0x48 ../lib-flash/lib_gd32/libflash.a(spi_flash.o)
                0x0000000008002dfc                spi_xfer(unsigned int, unsigned char const*, unsigned char*, unsigned int)
 .text._Z9get_timerj
                0x0000000008002e44       0x18 ../lib-flash/lib_gd32/libflash.a(get_timer.o)
                0x0000000008002e44                get_timer(unsigned int)
 .text._Z26spi_flash_probe_gigadeviceP9spi_flashPh
                0x0000000008002e5c       0x44 ../lib-flash/lib_gd32/libflash.a(gigadevice.o)
                0x0000000008002e5c                spi_flash_probe_gigadevice(spi_flash*, unsigned char*)
 .text._Z24spi_flash_probe_macronixP9spi_flashPh
                0x0000000008002ea0       0x4c ../lib-flash/lib_gd32/libflash.a(macronix.o)
                0x0000000008002ea0                spi_flash_probe_macronix(spi_flash*, unsigned char*)
 .text.net_set_dhcp
                0x0000000008002eec       0x58 ../lib-network/lib_gd32/libnetwork.a(net.o)
                0x0000000008002eec                net_set_dhcp
 .text.net_timers_run
                0x0000000008002f44       0x20 ../lib-network/lib_gd32/libnetwork.a(net_timers.o)
                0x0000000008002f44                net_timers_run
 .text.rfc3927  0x0000000008002f64       0x80 ../lib-network/lib_gd32/libnetwork.a(rfc3927.o)
                0x0000000008002f64                rfc3927
 .text.memcpy.isra.0
                0x0000000008002fe4       0x14 ../lib-network/lib_gd32/libnetwork.a(tcp.o)
 .text.memcpy.isra.0
                0x0000000008002ff8       0x14 ../lib-network/lib_gd32/libnetwork.a(udp.o)
 .text.net_memcpy
                0x000000000800300c       0x3c ../lib-network/lib_gd32/libnetwork.a(udp.o)
                0x000000000800300c                net_memcpy
 .text.udp_set_ip
                0x0000000008003048       0x40 ../lib-network/lib_gd32/libnetwork.a(udp.o)
                0x0000000008003048                udp_set_ip
 .text.udp_bind
                0x0000000008003088       0x3c ../lib-network/lib_gd32/libnetwork.a(udp.o)
                0x0000000008003088                udp_bind
 .text.udp_unbind
                0x00000000080030c4       0x40 ../lib-network/lib_gd32/libnetwork.a(udp.o)
                0x00000000080030c4                udp_unbind
 .text.udp_recv
                0x0000000008003104       0x6c ../lib-network/lib_gd32/libnetwork.a(udp.o)
                0x0000000008003104                udp_recv
 .text.udp_recv2
                0x0000000008003170       0x4c ../lib-network/lib_gd32/libnetwork.a(udp.o)
                0x0000000008003170                udp_recv2
 .text.udp_send
                0x00000000080031bc      0x160 ../lib-network/lib_gd32/libnetwork.a(udp.o)
                0x00000000080031bc                udp_send
 .text._ZN3net18link_register_readEv
                0x000000000800331c       0x22 ../lib-network/lib_gd32/libnetwork.a(net_link_check.o)
                0x000000000800331c                net::link_register_read()
 *fill*         0x000000000800333e        0x2 
 .text._ZN10TFTPDaemonC2Ev
                0x0000000008003340       0x5c ../lib-network/lib_gd32/libnetwork.a(tftpdaemon.o)
                0x0000000008003340                TFTPDaemon::TFTPDaemon()
                0x0000000008003340                TFTPDaemon::TFTPDaemon()
 .text._ZN10TFTPDaemonD2Ev
                0x000000000800339c       0x28 ../lib-network/lib_gd32/libnetwork.a(tftpdaemon.o)
                0x000000000800339c                TFTPDaemon::~TFTPDaemon()
                0x000000000800339c                TFTPDaemon::~TFTPDaemon()
 .text._ZN10TFTPDaemon9SendErrorEtPKc
                0x00000000080033c4       0x4a ../lib-network/lib_gd32/libnetwork.a(tftpdaemon.o)
                0x00000000080033c4                TFTPDaemon::SendError(unsigned short, char const*)
 .text._ZN10TFTPDaemon6DoReadEv
                0x000000000800340e       0x7e ../lib-network/lib_gd32/libnetwork.a(tftpdaemon.o)
                0x000000000800340e                TFTPDaemon::DoRead()
 .text._ZN10TFTPDaemon13HandleRecvAckEv
                0x000000000800348c       0x24 ../lib-network/lib_gd32/libnetwork.a(tftpdaemon.o)
                0x000000000800348c                TFTPDaemon::HandleRecvAck()
 .text._ZN10TFTPDaemon10DoWriteAckEv
                0x00000000080034b0       0x3a ../lib-network/lib_gd32/libnetwork.a(tftpdaemon.o)
                0x00000000080034b0                TFTPDaemon::DoWriteAck()
 *fill*         0x00000000080034ea        0x2 
 .text._ZN10TFTPDaemon13HandleRequestEv
                0x00000000080034ec      0x10c ../lib-network/lib_gd32/libnetwork.a(tftpdaemon.o)
                0x00000000080034ec                TFTPDaemon::HandleRequest()
 .text._ZN10TFTPDaemon14HandleRecvDataEv
                0x00000000080035f8       0x68 ../lib-network/lib_gd32/libnetwork.a(tftpdaemon.o)
                0x00000000080035f8                TFTPDaemon::HandleRecvData()
 .text._ZN10TFTPDaemon3RunEv
                0x0000000008003660       0xac ../lib-network/lib_gd32/libnetwork.a(tftpdaemon.o)
                0x0000000008003660                TFTPDaemon::Run()
 .text._ZN3net18link_handle_changeENS_4LinkE
                0x000000000800370c       0x14 ../lib-network/lib_gd32/libnetwork.a(link_handle_change.o)
                0x000000000800370c                net::link_handle_change(net::Link)
 .text.strncpy.constprop.0.isra.0
                0x0000000008003720       0x20 ../lib-network/lib_gd32/libnetwork.a(network.o)
 .text._ZN3net18phy_customized_ledEv
                0x0000000008003740        0x2 ../lib-network/lib_gd32/libnetwork.a(network.o)
                0x0000000008003740                net::phy_customized_led()
 *fill*         0x0000000008003742        0x2 
 .text._ZN7NetworkC2Ev
                0x0000000008003744       0x50 ../lib-network/lib_gd32/libnetwork.a(network.o)
                0x0000000008003744                Network::Network()
                0x0000000008003744                Network::Network()
 .text._ZN7Network8ShutdownEv
                0x0000000008003794        0xe ../lib-network/lib_gd32/libnetwork.a(network.o)
                0x0000000008003794                Network::Shutdown()
 .text._ZN7Network5BeginEt
                0x00000000080037a2        0x6 ../lib-network/lib_gd32/libnetwork.a(network.o)
                0x00000000080037a2                Network::Begin(unsigned short)
 .text._ZN7Network3EndEt
                0x00000000080037a8        0x6 ../lib-network/lib_gd32/libnetwork.a(network.o)
                0x00000000080037a8                Network::End(unsigned short)
 .text._ZN7Network16MacAddressCopyToEPh
                0x00000000080037ae       0x16 ../lib-network/lib_gd32/libnetwork.a(network.o)
                0x00000000080037ae                Network::MacAddressCopyTo(unsigned char*)
 .text._ZN7Network12SetDefaultIpEv
                0x00000000080037c4       0x22 ../lib-network/lib_gd32/libnetwork.a(network.o)
                0x00000000080037c4                Network::SetDefaultIp()
 *fill*         0x00000000080037e6        0x2 
 .text._ZN7Network4InitEP18NetworkParamsStore
                0x00000000080037e8      0x278 ../lib-network/lib_gd32/libnetwork.a(network.o)
                0x00000000080037e8                Network::Init(NetworkParamsStore*)
 .text._ZN7Network10EnableDhcpEv
                0x0000000008003a60       0x8c ../lib-network/lib_gd32/libnetwork.a(network.o)
                0x0000000008003a60                Network::EnableDhcp()
 .text._ZN7Network5PrintEv
                0x0000000008003aec       0xf8 ../lib-network/lib_gd32/libnetwork.a(network.o)
                0x0000000008003aec                Network::Print()
 .text._ZN13NetworkParamsC2EP18NetworkParamsStore
                0x0000000008003be4       0x18 ../lib-network/lib_gd32/libnetwork.a(networkparams.o)
                0x0000000008003be4                NetworkParams::NetworkParams(NetworkParamsStore*)
                0x0000000008003be4                NetworkParams::NetworkParams(NetworkParamsStore*)
 .text._ZN13NetworkParams4LoadEv
                0x0000000008003bfc       0x18 ../lib-network/lib_gd32/libnetwork.a(networkparams.o)
                0x0000000008003bfc                NetworkParams::Load()
 .text._ZN13NetworkParams4DumpEv
                0x0000000008003c14        0x2 ../lib-network/lib_gd32/libnetwork.a(networkparamsdump.o)
                0x0000000008003c14                NetworkParams::Dump()
 .text.memcpy.isra.0
                0x0000000008003c16       0x14 ../lib-network/lib_gd32/libnetwork.a(arp.o)
 *fill*         0x0000000008003c2a        0x2 
 .text.arp_announce
                0x0000000008003c2c       0x14 ../lib-network/lib_gd32/libnetwork.a(arp.o)
                0x0000000008003c2c                arp_announce
 .text.arp_handle_request
                0x0000000008003c40       0x50 ../lib-network/lib_gd32/libnetwork.a(arp.o)
                0x0000000008003c40                arp_handle_request
 .text.arp_handle_reply
                0x0000000008003c90        0x8 ../lib-network/lib_gd32/libnetwork.a(arp.o)
                0x0000000008003c90                arp_handle_reply
 .text.arp_send_request
                0x0000000008003c98       0x14 ../lib-network/lib_gd32/libnetwork.a(arp.o)
                0x0000000008003c98                arp_send_request
 .text.arp_cache_update
                0x0000000008003cac       0x50 ../lib-network/lib_gd32/libnetwork.a(arp_cache.o)
                0x0000000008003cac                arp_cache_update
 .text.arp_cache_lookup
                0x0000000008003cfc       0x9c ../lib-network/lib_gd32/libnetwork.a(arp_cache.o)
                0x0000000008003cfc                arp_cache_lookup
 .text._parse_response
                0x0000000008003d98      0x168 ../lib-network/lib_gd32/libnetwork.a(dhcp.o)
 .text.memcpy.isra.0
                0x0000000008003f00       0x14 ../lib-network/lib_gd32/libnetwork.a(dhcp.o)
 .text.dhcp_client
                0x0000000008003f14      0x210 ../lib-network/lib_gd32/libnetwork.a(dhcp.o)
                0x0000000008003f14                dhcp_client
 .text.dhcp_client_release
                0x0000000008004124       0x5c ../lib-network/lib_gd32/libnetwork.a(dhcp.o)
                0x0000000008004124                dhcp_client_release
 .text.memcpy.isra.0
                0x0000000008004180       0x14 ../lib-network/lib_gd32/libnetwork.a(igmp.o)
 .text._send_report
                0x0000000008004194       0x80 ../lib-network/lib_gd32/libnetwork.a(igmp.o)
 .text.igmp_set_ip
                0x0000000008004214       0x2c ../lib-network/lib_gd32/libnetwork.a(igmp.o)
                0x0000000008004214                igmp_set_ip
 .text.igmp_timer
                0x0000000008004240       0x34 ../lib-network/lib_gd32/libnetwork.a(igmp.o)
                0x0000000008004240                igmp_timer
 .text.igmp_leave
                0x0000000008004274       0x6c ../lib-network/lib_gd32/libnetwork.a(igmp.o)
                0x0000000008004274                igmp_leave
 .text.ip_set_ip
                0x00000000080042e0       0x12 ../lib-network/lib_gd32/libnetwork.a(ip.o)
                0x00000000080042e0                ip_set_ip
 .text.net_chksum
                0x00000000080042f2       0x32 ../lib-network/lib_gd32/libnetwork.a(net_chksum.o)
                0x00000000080042f2                net_chksum
 .text.memcpy.isra.0
                0x0000000008004324       0x14 ../lib-network/lib_gd32/libnetwork.a(icmp.o)
 .text.console_putc
                0x0000000008004338        0x4 ../lib-hal/lib_gd32/libhal.a(console_uart0.o)
                0x0000000008004338                console_putc
 .text.console_puts
                0x000000000800433c        0x4 ../lib-hal/lib_gd32/libhal.a(console_uart0.o)
                0x000000000800433c                console_puts
 .text.console_set_fg_color
                0x0000000008004340       0x44 ../lib-hal/lib_gd32/libhal.a(console_uart0.o)
                0x0000000008004340                console_set_fg_color
 .text.console_error
                0x0000000008004384       0x24 ../lib-hal/lib_gd32/libhal.a(console_uart0.o)
                0x0000000008004384                console_error
 .text.console_status
                0x00000000080043a8       0x30 ../lib-hal/lib_gd32/libhal.a(console_uart0.o)
                0x00000000080043a8                console_status
 .text._ZN15FirmwareVersionC2EPKcS1_S1_
                0x00000000080043d8       0x70 ../lib-hal/lib_gd32/libhal.a(firmwareversion.o)
                0x00000000080043d8                FirmwareVersion::FirmwareVersion(char const*, char const*, char const*)
                0x00000000080043d8                FirmwareVersion::FirmwareVersion(char const*, char const*, char const*)
 .text._ZN15FirmwareVersion5PrintEPKc
                0x0000000008004448       0x1c ../lib-hal/lib_gd32/libhal.a(firmwareversion.o)
                0x0000000008004448                FirmwareVersion::Print(char const*)
 .text._ZN8LedBlinkC2Ev
                0x0000000008004464       0x44 ../lib-hal/lib_gd32/libhal.a(ledblink.o)
                0x0000000008004464                LedBlink::LedBlink()
                0x0000000008004464                LedBlink::LedBlink()
 .text._ZN8LedBlink7SetModeEN8ledblink4ModeE
                0x00000000080044a8       0x68 ../lib-hal/lib_gd32/libhal.a(ledblink.o)
                0x00000000080044a8                LedBlink::SetMode(ledblink::Mode)
 .text._ZN8HardwareC2Ev
                0x0000000008004510       0xa0 ../lib-hal/lib_gd32/libhal.a(hardware.o)
                0x0000000008004510                Hardware::Hardware()
                0x0000000008004510                Hardware::Hardware()
 .text._ZN8Hardware6RebootEv
                0x00000000080045b0       0x78 ../lib-hal/lib_gd32/libhal.a(hardware.o)
                0x00000000080045b0                Hardware::Reboot()
 .text._ZdlPv   0x0000000008004628        0x4 ../lib-c++/lib_gd32/libc++.a(delete.o)
                0x0000000008004628                operator delete(void*)
 .text._ZdaPv   0x000000000800462c        0x4 ../lib-c++/lib_gd32/libc++.a(delete.o)
                0x000000000800462c                operator delete[](void*)
 .text._Znwj    0x0000000008004630        0x4 ../lib-c++/lib_gd32/libc++.a(new.o)
                0x0000000008004630                operator new(unsigned int)
 .text._Znaj    0x0000000008004634        0x4 ../lib-c++/lib_gd32/libc++.a(new.o)
                0x0000000008004634                operator new[](unsigned int)
 .text.malloc   0x0000000008004638       0x5c ../lib-c/lib_gd32/libc.a(malloc.o)
                0x0000000008004638                malloc
 .text.free     0x0000000008004694       0x34 ../lib-c/lib_gd32/libc.a(malloc.o)
                0x0000000008004694                free
 .text.memmove  0x00000000080046c8       0x2e ../lib-c/lib_gd32/libc.a(memmove.o)
                0x00000000080046c8                memmove
 .text.memset   0x00000000080046f6       0x42 ../lib-c/lib_gd32/libc.a(memset.o)
                0x00000000080046f6                memset
 .text.puts     0x0000000008004738       0x10 ../lib-c/lib_gd32/libc.a(puts.o)
                0x0000000008004738                puts
 .text.isleapyear
                0x0000000008004748       0x2c ../lib-c/lib_gd32/libc.a(time.o)
 .text.getdaysofmonth
                0x0000000008004774       0x20 ../lib-c/lib_gd32/libc.a(time.o)
 .text.mktime   0x0000000008004794       0x98 ../lib-c/lib_gd32/libc.a(time.o)
                0x0000000008004794                mktime
 .text.gettimeofday
                0x000000000800482c       0x54 ../lib-c/lib_gd32/libc.a(time.o)
                0x000000000800482c                gettimeofday
 .text.settimeofday
                0x0000000008004880       0x30 ../lib-c/lib_gd32/libc.a(time.o)
                0x0000000008004880                settimeofday
 .text.time     0x00000000080048b0       0x16 ../lib-c/lib_gd32/libc.a(time.o)
                0x00000000080048b0                time
 *fill*         0x00000000080048c6        0x2 
 .text.uart0_init
                0x00000000080048c8       0x20 ../lib-gd32/lib_gd32/libgd32.a(gd32_uart0.o)
                0x00000000080048c8                uart0_init
 .text.uart0_putc
                0x00000000080048e8       0x40 ../lib-gd32/lib_gd32/libgd32.a(gd32_uart0.o)
                0x00000000080048e8                uart0_putc
 .text.uart0_puts
                0x0000000008004928       0x1e ../lib-gd32/lib_gd32/libgd32.a(gd32_uart0.o)
                0x0000000008004928                uart0_puts
 *fill*         0x0000000008004946        0x2 
 .text.systick_config
                0x0000000008004948       0x3c ../lib-gd32/lib_gd32/libgd32.a(systick.o)
                0x0000000008004948                systick_config
 .text.SysTick_Handler
                0x0000000008004984       0x10 ../lib-gd32/lib_gd32/libgd32.a(systick.o)
                0x0000000008004984                SysTick_Handler
 .text.SystemInit
                0x0000000008004994       0xfc ../lib-gd32/lib_gd32/libgd32.a(system_gd32f20x.o)
                0x0000000008004994                SystemInit
 .text.bkp_data_write
                0x0000000008004a90       0x2c ../lib-gd32/lib_gd32/libgd32.a(gd32f20x_bkp.o)
                0x0000000008004a90                bkp_data_write
 .text.bkp_data_read
                0x0000000008004abc       0x30 ../lib-gd32/lib_gd32/libgd32.a(gd32f20x_bkp.o)
                0x0000000008004abc                bkp_data_read
 .text.enet_delay
                0x0000000008004aec       0x18 ../lib-gd32/lib_gd32/libgd32.a(gd32f20x_enet.o)
 .text.enet_software_reset
                0x0000000008004b04       0x28 ../lib-gd32/lib_gd32/libgd32.a(gd32f20x_enet.o)
                0x0000000008004b04                enet_software_reset
 .text.enet_descriptors_chain_init
                0x0000000008004b2c       0x88 ../lib-gd32/lib_gd32/libgd32.a(gd32f20x_enet.o)
                0x0000000008004b2c                enet_descriptors_chain_init
 .text.enet_frame_receive
                0x0000000008004bb4       0x80 ../lib-gd32/lib_gd32/libgd32.a(gd32f20x_enet.o)
                0x0000000008004bb4                enet_frame_receive
 .text.enet_frame_transmit
                0x0000000008004c34       0x84 ../lib-gd32/lib_gd32/libgd32.a(gd32f20x_enet.o)
                0x0000000008004c34                enet_frame_transmit
 .text.enet_transmit_checksum_config
                0x0000000008004cb8        0xc ../lib-gd32/lib_gd32/libgd32.a(gd32f20x_enet.o)
                0x0000000008004cb8                enet_transmit_checksum_config
 .text.enet_mac_address_set
                0x0000000008004cc4       0x14 ../lib-gd32/lib_gd32/libgd32.a(gd32f20x_enet.o)
                0x0000000008004cc4                enet_mac_address_set
 .text.enet_rx_enable
                0x0000000008004cd8       0x1c ../lib-gd32/lib_gd32/libgd32.a(gd32f20x_enet.o)
                0x0000000008004cd8                enet_rx_enable
 .text.enet_phy_write_read
                0x0000000008004cf4       0x5c ../lib-gd32/lib_gd32/libgd32.a(gd32f20x_enet.o)
                0x0000000008004cf4                enet_phy_write_read
 .text.enet_phy_config
                0x0000000008004d50       0xb4 ../lib-gd32/lib_gd32/libgd32.a(gd32f20x_enet.o)
                0x0000000008004d50                enet_phy_config
 .text.enet_init
                0x0000000008004e04      0x2e4 ../lib-gd32/lib_gd32/libgd32.a(gd32f20x_enet.o)
                0x0000000008004e04                enet_init
 .text.enet_txfifo_flush
                0x00000000080050e8       0x24 ../lib-gd32/lib_gd32/libgd32.a(gd32f20x_enet.o)
                0x00000000080050e8                enet_txfifo_flush
 .text.enet_tx_enable
                0x000000000800510c       0x24 ../lib-gd32/lib_gd32/libgd32.a(gd32f20x_enet.o)
                0x000000000800510c                enet_tx_enable
 .text.enet_enable
                0x0000000008005130        0xe ../lib-gd32/lib_gd32/libgd32.a(gd32f20x_enet.o)
                0x0000000008005130                enet_enable
 .text.enet_desc_information_get
                0x000000000800513e       0x3e ../lib-gd32/lib_gd32/libgd32.a(gd32f20x_enet.o)
                0x000000000800513e                enet_desc_information_get
 .text.enet_rxframe_drop
                0x000000000800517c       0x64 ../lib-gd32/lib_gd32/libgd32.a(gd32f20x_enet.o)
                0x000000000800517c                enet_rxframe_drop
 .text.enet_rxframe_size_get
                0x00000000080051e0       0x38 ../lib-gd32/lib_gd32/libgd32.a(gd32f20x_enet.o)
                0x00000000080051e0                enet_rxframe_size_get
 .text.enet_initpara_reset
                0x0000000008005218       0x28 ../lib-gd32/lib_gd32/libgd32.a(gd32f20x_enet.o)
                0x0000000008005218                enet_initpara_reset
 .text.enet_deinit
                0x0000000008005240       0x1a ../lib-gd32/lib_gd32/libgd32.a(gd32f20x_enet.o)
                0x0000000008005240                enet_deinit
 *fill*         0x000000000800525a        0x2 
 .text.fmc_bank0_unlock
                0x000000000800525c       0x1c ../lib-gd32/lib_gd32/libgd32.a(gd32f20x_fmc.o)
                0x000000000800525c                fmc_bank0_unlock
 .text.fmc_bank1_unlock
                0x0000000008005278       0x1c ../lib-gd32/lib_gd32/libgd32.a(gd32f20x_fmc.o)
                0x0000000008005278                fmc_bank1_unlock
 .text.fmc_bank0_lock
                0x0000000008005294       0x10 ../lib-gd32/lib_gd32/libgd32.a(gd32f20x_fmc.o)
                0x0000000008005294                fmc_bank0_lock
 .text.fmc_bank1_lock
                0x00000000080052a4       0x10 ../lib-gd32/lib_gd32/libgd32.a(gd32f20x_fmc.o)
                0x00000000080052a4                fmc_bank1_lock
 .text.fmc_bank0_state_get
                0x00000000080052b4       0x24 ../lib-gd32/lib_gd32/libgd32.a(gd32f20x_fmc.o)
                0x00000000080052b4                fmc_bank0_state_get
 .text.fmc_bank1_state_get
                0x00000000080052d8       0x24 ../lib-gd32/lib_gd32/libgd32.a(gd32f20x_fmc.o)
                0x00000000080052d8                fmc_bank1_state_get
 .text.fwdgt_enable
                0x00000000080052fc       0x10 ../lib-gd32/lib_gd32/libgd32.a(gd32f20x_fwdgt.o)
                0x00000000080052fc                fwdgt_enable
 .text.fwdgt_counter_reload
                0x000000000800530c       0x10 ../lib-gd32/lib_gd32/libgd32.a(gd32f20x_fwdgt.o)
                0x000000000800530c                fwdgt_counter_reload
 .text.fwdgt_config
                0x000000000800531c       0x54 ../lib-gd32/lib_gd32/libgd32.a(gd32f20x_fwdgt.o)
                0x000000000800531c                fwdgt_config
 .text.gpio_init
                0x0000000008005370       0xa8 ../lib-gd32/lib_gd32/libgd32.a(gd32f20x_gpio.o)
                0x0000000008005370                gpio_init
 .text.gpio_bit_set
                0x0000000008005418        0x4 ../lib-gd32/lib_gd32/libgd32.a(gd32f20x_gpio.o)
                0x0000000008005418                gpio_bit_set
 .text.gpio_bit_reset
                0x000000000800541c        0x4 ../lib-gd32/lib_gd32/libgd32.a(gd32f20x_gpio.o)
                0x000000000800541c                gpio_bit_reset
 .text.gpio_input_bit_get
                0x0000000008005420        0xc ../lib-gd32/lib_gd32/libgd32.a(gd32f20x_gpio.o)
                0x0000000008005420                gpio_input_bit_get
 .text.gpio_pin_remap_config
                0x000000000800542c       0x60 ../lib-gd32/lib_gd32/libgd32.a(gd32f20x_gpio.o)
                0x000000000800542c                gpio_pin_remap_config
 .text.gpio_ethernet_phy_select
                0x000000000800548c       0x18 ../lib-gd32/lib_gd32/libgd32.a(gd32f20x_gpio.o)
                0x000000000800548c                gpio_ethernet_phy_select
 .text.pmu_backup_write_enable
                0x00000000080054a4       0x10 ../lib-gd32/lib_gd32/libgd32.a(gd32f20x_pmu.o)
                0x00000000080054a4                pmu_backup_write_enable
 .text.rcu_periph_clock_enable
                0x00000000080054b4       0x1a ../lib-gd32/lib_gd32/libgd32.a(gd32f20x_rcu.o)
                0x00000000080054b4                rcu_periph_clock_enable
 .text.rcu_periph_clock_disable
                0x00000000080054ce       0x1c ../lib-gd32/lib_gd32/libgd32.a(gd32f20x_rcu.o)
                0x00000000080054ce                rcu_periph_clock_disable
 .text.rcu_periph_reset_enable
                0x00000000080054ea        0x4 ../lib-gd32/lib_gd32/libgd32.a(gd32f20x_rcu.o)
                0x00000000080054ea                rcu_periph_reset_enable
 .text.rcu_periph_reset_disable
                0x00000000080054ee        0x4 ../lib-gd32/lib_gd32/libgd32.a(gd32f20x_rcu.o)
                0x00000000080054ee                rcu_periph_reset_disable
 *fill*         0x00000000080054f2        0x2 
 .text.rcu_ckout0_config
                0x00000000080054f4       0x20 ../lib-gd32/lib_gd32/libgd32.a(gd32f20x_rcu.o)
                0x00000000080054f4                rcu_ckout0_config
 .text.rcu_pll2_config
                0x0000000008005514       0x18 ../lib-gd32/lib_gd32/libgd32.a(gd32f20x_rcu.o)
                0x0000000008005514                rcu_pll2_config
 .text.rcu_adc_clock_config
                0x000000000800552c       0x3c ../lib-gd32/lib_gd32/libgd32.a(gd32f20x_rcu.o)
                0x000000000800552c                rcu_adc_clock_config
 .text.rcu_flag_get
                0x0000000008005568       0x1e ../lib-gd32/lib_gd32/libgd32.a(gd32f20x_rcu.o)
                0x0000000008005568                rcu_flag_get
 *fill*         0x0000000008005586        0x2 
 .text.rcu_osci_stab_wait
                0x0000000008005588       0xe0 ../lib-gd32/lib_gd32/libgd32.a(gd32f20x_rcu.o)
                0x0000000008005588                rcu_osci_stab_wait
 .text.rcu_osci_on
                0x0000000008005668        0x4 ../lib-gd32/lib_gd32/libgd32.a(gd32f20x_rcu.o)
                0x0000000008005668                rcu_osci_on
 .text.rcu_clock_freq_get
                0x000000000800566c      0x110 ../lib-gd32/lib_gd32/libgd32.a(gd32f20x_rcu.o)
                0x000000000800566c                rcu_clock_freq_get
 .text.timer_deinit
                0x000000000800577c      0x14c ../lib-gd32/lib_gd32/libgd32.a(gd32f20x_timer.o)
                0x000000000800577c                timer_deinit
 .text.timer_init
                0x00000000080058c8       0xb0 ../lib-gd32/lib_gd32/libgd32.a(gd32f20x_timer.o)
                0x00000000080058c8                timer_init
 .text.timer_enable
                0x0000000008005978        0xa ../lib-gd32/lib_gd32/libgd32.a(gd32f20x_timer.o)
                0x0000000008005978                timer_enable
 .text.timer_input_trigger_source_select
                0x0000000008005982       0x10 ../lib-gd32/lib_gd32/libgd32.a(gd32f20x_timer.o)
                0x0000000008005982                timer_input_trigger_source_select
 .text.timer_master_output_trigger_source_select
                0x0000000008005992       0x10 ../lib-gd32/lib_gd32/libgd32.a(gd32f20x_timer.o)
                0x0000000008005992                timer_master_output_trigger_source_select
 .text.timer_slave_mode_select
                0x00000000080059a2       0x10 ../lib-gd32/lib_gd32/libgd32.a(gd32f20x_timer.o)
                0x00000000080059a2                timer_slave_mode_select
 .text.timer_master_slave_mode_config
                0x00000000080059b2       0x1a ../lib-gd32/lib_gd32/libgd32.a(gd32f20x_timer.o)
                0x00000000080059b2                timer_master_slave_mode_config
 .text.usart_deinit
                0x00000000080059cc       0xc4 ../lib-gd32/lib_gd32/libgd32.a(gd32f20x_usart.o)
                0x00000000080059cc                usart_deinit
 .text.usart_baudrate_set
                0x0000000008005a90       0x68 ../lib-gd32/lib_gd32/libgd32.a(gd32f20x_usart.o)
                0x0000000008005a90                usart_baudrate_set
 .text.usart_parity_config
                0x0000000008005af8       0x10 ../lib-gd32/lib_gd32/libgd32.a(gd32f20x_usart.o)
                0x0000000008005af8                usart_parity_config
 .text.usart_word_length_set
                0x0000000008005b08       0x10 ../lib-gd32/lib_gd32/libgd32.a(gd32f20x_usart.o)
                0x0000000008005b08                usart_word_length_set
 .text.usart_stop_bit_set
                0x0000000008005b18       0x10 ../lib-gd32/lib_gd32/libgd32.a(gd32f20x_usart.o)
                0x0000000008005b18                usart_stop_bit_set
 .text.usart_transmit_config
                0x0000000008005b28        0xc ../lib-gd32/lib_gd32/libgd32.a(gd32f20x_usart.o)
                0x0000000008005b28                usart_transmit_config
 .text.usart_receive_config
                0x0000000008005b34        0xc ../lib-gd32/lib_gd32/libgd32.a(gd32f20x_usart.o)
                0x0000000008005b34                usart_receive_config
 .text.usart_hardware_flow_rts_config
                0x0000000008005b40        0xc ../lib-gd32/lib_gd32/libgd32.a(gd32f20x_usart.o)
                0x0000000008005b40                usart_hardware_flow_rts_config
 .text.usart_hardware_flow_cts_config
                0x0000000008005b4c        0xc ../lib-gd32/lib_gd32/libgd32.a(gd32f20x_usart.o)
                0x0000000008005b4c                usart_hardware_flow_cts_config
 .text.usart_flag_get
                0x0000000008005b58       0x16 ../lib-gd32/lib_gd32/libgd32.a(gd32f20x_usart.o)
                0x0000000008005b58                usart_flag_get
 *fill*         0x0000000008005b6e        0x2 
 .text.emac_eth_recv
                0x0000000008005b70       0x28 ../lib-gd32/lib_gd32/libgd32.a(net.o)
                0x0000000008005b70                emac_eth_recv
 .text.emac_free_pkt
                0x0000000008005b98        0x8 ../lib-gd32/lib_gd32/libgd32.a(net.o)
                0x0000000008005b98                emac_free_pkt
 .text.emac_eth_send
                0x0000000008005ba0        0x4 ../lib-gd32/lib_gd32/libgd32.a(net.o)
                0x0000000008005ba0                emac_eth_send
 .text._Z13gd32_adc_initv
                0x0000000008005ba4       0x90 ../lib-gd32/lib_gd32/libgd32.a(gd32_adc.o)
                0x0000000008005ba4                gd32_adc_init()
 .text._ZL5_stopv.isra.0
                0x0000000008005c34       0x24 ../lib-gd32/lib_gd32/libgd32.a(gd32_i2c.o)
 .text.gd32_i2c_begin
                0x0000000008005c58       0x68 ../lib-gd32/lib_gd32/libgd32.a(gd32_i2c.o)
                0x0000000008005c58                gd32_i2c_begin
 .text.gd32_i2c_set_baudrate
                0x0000000008005cc0       0x10 ../lib-gd32/lib_gd32/libgd32.a(gd32_i2c.o)
                0x0000000008005cc0                gd32_i2c_set_baudrate
 .text.gd32_i2c_set_address
                0x0000000008005cd0        0xc ../lib-gd32/lib_gd32/libgd32.a(gd32_i2c.o)
                0x0000000008005cd0                gd32_i2c_set_address
 .text.gd32_i2c_write
                0x0000000008005cdc       0xcc ../lib-gd32/lib_gd32/libgd32.a(gd32_i2c.o)
                0x0000000008005cdc                gd32_i2c_write
 .text.gd32_i2c_read
                0x0000000008005da8      0x148 ../lib-gd32/lib_gd32/libgd32.a(gd32_i2c.o)
                0x0000000008005da8                gd32_i2c_read
 .text._ZL8_cs_highv
                0x0000000008005ef0       0x1c ../lib-gd32/lib_gd32/libgd32.a(gd32_spi.o)
 .text._ZL7_cs_lowv
                0x0000000008005f0c       0x1c ../lib-gd32/lib_gd32/libgd32.a(gd32_spi.o)
 .text._ZL10_send_byteh
                0x0000000008005f28       0x24 ../lib-gd32/lib_gd32/libgd32.a(gd32_spi.o)
 .text._Z14gd32_spi_beginv
                0x0000000008005f4c       0x94 ../lib-gd32/lib_gd32/libgd32.a(gd32_spi.o)
                0x0000000008005f4c                gd32_spi_begin()
 .text._Z21gd32_spi_set_speed_hzj
                0x0000000008005fe0       0x74 ../lib-gd32/lib_gd32/libgd32.a(gd32_spi.o)
                0x0000000008005fe0                gd32_spi_set_speed_hz(unsigned int)
 .text._Z20gd32_spi_setDataModeh
                0x0000000008006054       0x30 ../lib-gd32/lib_gd32/libgd32.a(gd32_spi.o)
                0x0000000008006054                gd32_spi_setDataMode(unsigned char)
 .text._Z19gd32_spi_chipSelecth
                0x0000000008006084        0xc ../lib-gd32/lib_gd32/libgd32.a(gd32_spi.o)
                0x0000000008006084                gd32_spi_chipSelect(unsigned char)
 .text._Z19gd32_spi_transfernbPKcPcj
                0x0000000008006090       0x28 ../lib-gd32/lib_gd32/libgd32.a(gd32_spi.o)
                0x0000000008006090                gd32_spi_transfernb(char const*, char*, unsigned int)
 .text._Z16gd32_spi_writenbPKcj
                0x00000000080060b8       0x20 ../lib-gd32/lib_gd32/libgd32.a(gd32_spi.o)
                0x00000000080060b8                gd32_spi_writenb(char const*, unsigned int)
 .text.gd32_uart_begin
                0x00000000080060d8      0x230 ../lib-gd32/lib_gd32/libgd32.a(gd32_uart.o)
                0x00000000080060d8                gd32_uart_begin
 .text._Z11micros_initv
                0x0000000008006308       0x9c ../lib-gd32/lib_gd32/libgd32.a(micros.o)
                0x0000000008006308                micros_init()
 .text._Z11udelay_initv
                0x00000000080063a4       0x28 ../lib-gd32/lib_gd32/libgd32.a(udelay.o)
                0x00000000080063a4                udelay_init()
 .text._Z6udelayjj
                0x00000000080063cc       0x30 ../lib-gd32/lib_gd32/libgd32.a(udelay.o)
                0x00000000080063cc                udelay(unsigned int, unsigned int)
 .text._Z10emac_startPh
                0x00000000080063fc      0x144 ../lib-gd32/lib_gd32/libgd32.a(emac.o)
                0x00000000080063fc                emac_start(unsigned char*)
 .text.adc_mode_config
                0x0000000008006540       0x20 ../lib-gd32/lib_gd32/libgd32.a(gd32f20x_adc.o)
                0x0000000008006540                adc_mode_config
 .text.adc_special_function_config
                0x0000000008006560       0x50 ../lib-gd32/lib_gd32/libgd32.a(gd32f20x_adc.o)
                0x0000000008006560                adc_special_function_config
 .text.adc_data_alignment_config
                0x00000000080065b0       0x12 ../lib-gd32/lib_gd32/libgd32.a(gd32f20x_adc.o)
                0x00000000080065b0                adc_data_alignment_config
 .text.adc_enable
                0x00000000080065c2       0x10 ../lib-gd32/lib_gd32/libgd32.a(gd32f20x_adc.o)
                0x00000000080065c2                adc_enable
 .text.adc_calibration_enable
                0x00000000080065d2       0x22 ../lib-gd32/lib_gd32/libgd32.a(gd32f20x_adc.o)
                0x00000000080065d2                adc_calibration_enable
 .text.adc_tempsensor_vrefint_enable
                0x00000000080065f4       0x14 ../lib-gd32/lib_gd32/libgd32.a(gd32f20x_adc.o)
                0x00000000080065f4                adc_tempsensor_vrefint_enable
 .text.adc_channel_length_config
                0x0000000008006608       0x3a ../lib-gd32/lib_gd32/libgd32.a(gd32f20x_adc.o)
                0x0000000008006608                adc_channel_length_config
 .text.adc_inserted_channel_config
                0x0000000008006642       0x5c ../lib-gd32/lib_gd32/libgd32.a(gd32f20x_adc.o)
                0x0000000008006642                adc_inserted_channel_config
 .text.adc_external_trigger_source_config
                0x000000000800669e       0x22 ../lib-gd32/lib_gd32/libgd32.a(gd32f20x_adc.o)
                0x000000000800669e                adc_external_trigger_source_config
 .text.adc_external_trigger_config
                0x00000000080066c0       0x36 ../lib-gd32/lib_gd32/libgd32.a(gd32f20x_adc.o)
                0x00000000080066c0                adc_external_trigger_config
 .text.adc_software_trigger_enable
                0x00000000080066f6       0x1a ../lib-gd32/lib_gd32/libgd32.a(gd32f20x_adc.o)
                0x00000000080066f6                adc_software_trigger_enable
 .text.i2c_clock_config
                0x0000000008006710       0xc4 ../lib-gd32/lib_gd32/libgd32.a(gd32f20x_i2c.o)
                0x0000000008006710                i2c_clock_config
 .text.i2c_ack_config
                0x00000000080067d4       0x12 ../lib-gd32/lib_gd32/libgd32.a(gd32f20x_i2c.o)
                0x00000000080067d4                i2c_ack_config
 .text.i2c_ackpos_config
                0x00000000080067e6       0x12 ../lib-gd32/lib_gd32/libgd32.a(gd32f20x_i2c.o)
                0x00000000080067e6                i2c_ackpos_config
 .text.i2c_master_addressing
                0x00000000080067f8       0x10 ../lib-gd32/lib_gd32/libgd32.a(gd32f20x_i2c.o)
                0x00000000080067f8                i2c_master_addressing
 .text.i2c_enable
                0x0000000008006808        0xa ../lib-gd32/lib_gd32/libgd32.a(gd32f20x_i2c.o)
                0x0000000008006808                i2c_enable
 .text.i2c_start_on_bus
                0x0000000008006812        0xa ../lib-gd32/lib_gd32/libgd32.a(gd32f20x_i2c.o)
                0x0000000008006812                i2c_start_on_bus
 .text.i2c_stop_on_bus
                0x000000000800681c        0xa ../lib-gd32/lib_gd32/libgd32.a(gd32f20x_i2c.o)
                0x000000000800681c                i2c_stop_on_bus
 .text.i2c_data_transmit
                0x0000000008006826        0x4 ../lib-gd32/lib_gd32/libgd32.a(gd32f20x_i2c.o)
                0x0000000008006826                i2c_data_transmit
 .text.i2c_data_receive
                0x000000000800682a        0x6 ../lib-gd32/lib_gd32/libgd32.a(gd32f20x_i2c.o)
                0x000000000800682a                i2c_data_receive
 .text.i2c_flag_get
                0x0000000008006830       0x16 ../lib-gd32/lib_gd32/libgd32.a(gd32f20x_i2c.o)
                0x0000000008006830                i2c_flag_get
 .text.i2c_flag_clear
                0x0000000008006846       0x24 ../lib-gd32/lib_gd32/libgd32.a(gd32f20x_i2c.o)
                0x0000000008006846                i2c_flag_clear
 *fill*         0x000000000800686a        0x2 
 .text.spi_i2s_deinit
                0x000000000800686c       0x50 ../lib-gd32/lib_gd32/libgd32.a(gd32f20x_spi.o)
                0x000000000800686c                spi_i2s_deinit
 .text.spi_init
                0x00000000080068bc       0x30 ../lib-gd32/lib_gd32/libgd32.a(gd32f20x_spi.o)
                0x00000000080068bc                spi_init
 .text.spi_enable
                0x00000000080068ec        0xa ../lib-gd32/lib_gd32/libgd32.a(gd32f20x_spi.o)
                0x00000000080068ec                spi_enable
 .text.spi_disable
                0x00000000080068f6        0xa ../lib-gd32/lib_gd32/libgd32.a(gd32f20x_spi.o)
                0x00000000080068f6                spi_disable
 .text._Z15mac_address_getPh
                0x0000000008006900       0x24 ../lib-gd32/lib_gd32/libgd32.a(mac_address.o)
                0x0000000008006900                mac_address_get(unsigned char*)
 *(.glue_7)
 .glue_7        0x0000000008006924        0x0 linker stubs
 *(.glue_7t)
 .glue_7t       0x0000000008006924        0x0 linker stubs
 *(.eh_frame)
 *(.init)
 *(.fini)
                0x0000000008006924                . = ALIGN (0x4)
                0x0000000008006924                _etext = .

.vfp11_veneer   0x0000000008006924        0x0
 .vfp11_veneer  0x0000000008006924        0x0 linker stubs

.v4_bx          0x0000000008006924        0x0
 .v4_bx         0x0000000008006924        0x0 linker stubs

.iplt           0x0000000008006924        0x0
 .iplt          0x0000000008006924        0x0 build_gd32/startup_gd32f20x_cl.o

.rodata         0x0000000008006924      0xd8c
                0x0000000008006924                . = ALIGN (0x4)
 *(.rodata)
 .rodata        0x0000000008006924       0x18 ../lib-gd32/lib_gd32/libgd32.a(gd32f20x_rcu.o)
 *(.rodata*)
 .rodata.main.str1.1
                0x000000000800693c       0x41 build_gd32/firmware/main.o
 .rodata._ZL16SOFTWARE_VERSION
                0x000000000800697d        0x4 build_gd32/firmware/main.o
 .rodata._ZN7network18display_emac_startEv.str1.1
                0x0000000008006981        0xf build_gd32/lib/networkdisplay.o
 .rodata._ZN7network10display_ipEv.str1.1
                0x0000000008006990       0x12 build_gd32/lib/networkdisplay.o
 .rodata._ZN7network21display_emac_shutdownEv.str1.1
                0x00000000080069a2       0x12 build_gd32/lib/networkdisplay.o
 .rodata._ZN7network19display_dhcp_statusENS_4dhcp12ClientStatusE.str1.1
                0x00000000080069b4       0x2e build_gd32/lib/networkdisplay.o
 .rodata._ZN12RemoteConfig10HandleListEv.str1.1
                0x00000000080069e2       0x2f ../lib-remoteconfig/lib_gd32/libremoteconfig.a(remoteconfig.o)
 .rodata._ZN12RemoteConfig13HandleTftpGetEv.str1.1
                0x0000000008006a11        0x9 ../lib-remoteconfig/lib_gd32/libremoteconfig.a(remoteconfig.o)
                                         0x10 (size before relaxing)
 .rodata._ZN12RemoteConfig13HandleVersionEv.str1.1
                0x0000000008006a1a        0xb ../lib-remoteconfig/lib_gd32/libremoteconfig.a(remoteconfig.o)
 .rodata._ZN12RemoteConfig12HandleUptimeEv.str1.1
                0x0000000008006a25        0xd ../lib-remoteconfig/lib_gd32/libremoteconfig.a(remoteconfig.o)
 .rodata._ZN12RemoteConfig13HandleTftpSetEv.str1.1
                0x0000000008006a32       0x43 ../lib-remoteconfig/lib_gd32/libremoteconfig.a(remoteconfig.o)
 .rodata._ZN12RemoteConfig3RunEv.str1.1
                0x0000000008006a75       0x18 ../lib-remoteconfig/lib_gd32/libremoteconfig.a(remoteconfig.o)
 .rodata.str1.1
                0x0000000008006a8d       0x31 ../lib-remoteconfig/lib_gd32/libremoteconfig.a(remoteconfig.o)
 .rodata._ZL6s_Node
                0x0000000008006abe       0xb4 ../lib-remoteconfig/lib_gd32/libremoteconfig.a(remoteconfig.o)
 .rodata._ZL8s_Output
                0x0000000008006b72       0x90 ../lib-remoteconfig/lib_gd32/libremoteconfig.a(remoteconfig.o)
 *fill*         0x0000000008006c02        0x2 
 .rodata._ZN12RemoteConfig5s_GETE
                0x0000000008006c04       0x70 ../lib-remoteconfig/lib_gd32/libremoteconfig.a(remoteconfig.o)
                0x0000000008006c04                RemoteConfig::s_GET
 .rodata._ZN12RemoteConfig12HandleRebootEv.str1.1
                0x0000000008006c74       0x1d ../lib-remoteconfig/lib_gd32/libremoteconfig.a(remoteconfigreboot.o)
 .rodata._ZN14TFTPFileServer9FileCloseEv.str1.1
                0x0000000008006c91       0x17 ../lib-remoteconfig/lib_gd32/libremoteconfig.a(tftpfileserver.o)
 .rodata._ZN14TFTPFileServer10FileCreateEPKc8TFTPMode.str1.1
                0x0000000008006ca8       0x1b ../lib-remoteconfig/lib_gd32/libremoteconfig.a(tftpfileserver.o)
 .rodata._ZN14tftpfileserverL9FILE_NAMEE
                0x0000000008006cc3        0xd ../lib-remoteconfig/lib_gd32/libremoteconfig.a(tftpfileserver.o)
 .rodata._ZTV14TFTPFileServer
                0x0000000008006cd0       0x28 ../lib-remoteconfig/lib_gd32/libremoteconfig.a(tftpfileserver.o)
                0x0000000008006cd0                vtable for TFTPFileServer
 .rodata._ZN16FlashCodeInstall13WriteFirmwareEPKhj.str1.1
                0x0000000008006cf8       0x63 ../lib-flashcodeinstall/lib_gd32/libflashcodeinstall.a(flashcodeinstall.o)
 .rodata._ZN16FlashCodeInstallC2Ev.str1.1
                0x0000000008006d5b       0x38 ../lib-flashcodeinstall/lib_gd32/libflashcodeinstall.a(flashcodeinstall.o)
 *fill*         0x0000000008006d93        0x1 
 .rodata._ZL11s_aStorSize
                0x0000000008006d94       0x70 ../lib-configstore/lib_gd32/libconfigstore.a(configstore.o)
 .rodata._ZTV12StoreNetwork
                0x0000000008006e04       0x50 ../lib-configstore/lib_gd32/libconfigstore.a(storenetwork.o)
                0x0000000008006e04                vtable for StoreNetwork
 .rodata._ZTV17StoreRemoteConfig
                0x0000000008006e54       0x18 ../lib-configstore/lib_gd32/libconfigstore.a(storeremoteconfig.o)
                0x0000000008006e54                vtable for StoreRemoteConfig
 .rodata._ZN11StoreDeviceC2Ev.str1.1
                0x0000000008006e6c       0x45 ../lib-configstore/lib_gd32/libconfigstore.a(storedevice.o)
 .rodata._ZN7Display9PrintInfoEv.isra.0.str1.1
                0x0000000008006eb1       0x11 ../lib-display/lib_gd32/libdisplay.a(display.o)
 .rodata._ZN7Display6DetectEj.str1.1
                0x0000000008006ec2        0x8 ../lib-display/lib_gd32/libdisplay.a(display.o)
 .rodata._ZN7Ssd13069PrintInfoEv.str1.1
                0x0000000008006eca       0x13 ../lib-display/lib_gd32/libdisplay.a(ssd1306.o)
                                         0x1b (size before relaxing)
 .rodata._ZN7Ssd130611CheckSH1106Ev.str1.1
                0x0000000008006edd        0x6 ../lib-display/lib_gd32/libdisplay.a(ssd1306.o)
 *fill*         0x0000000008006ee3        0x1 
 .rodata._ZL12_OledFont8x6
                0x0000000008006ee4      0x2a0 ../lib-display/lib_gd32/libdisplay.a(ssd1306.o)
 .rodata._ZL16oled_128x32_init
                0x0000000008007184       0x18 ../lib-display/lib_gd32/libdisplay.a(ssd1306.o)
 .rodata._ZL16oled_128x64_init
                0x000000000800719c       0x18 ../lib-display/lib_gd32/libdisplay.a(ssd1306.o)
 .rodata._ZTV7Ssd1306
                0x00000000080071b4       0x40 ../lib-display/lib_gd32/libdisplay.a(ssd1306.o)
                0x00000000080071b4                vtable for Ssd1306
 .rodata._ZN9FlashCodeC2Ev.str1.1
                0x00000000080071f4       0x39 ../lib-flashcode/lib_gd32/libflashcode.a(flashcode.o)
 .rodata.str1.1
                0x000000000800722d       0x39 ../lib-flash/lib_gd32/libflash.a(spi_flash.o)
                                          0x1 (size before relaxing)
 *fill*         0x000000000800722d        0x3 
 .rodata._ZL7flashes
                0x0000000008007230       0x18 ../lib-flash/lib_gd32/libflash.a(spi_flash.o)
 .rodata.str1.1
                0x0000000008007248       0xf7 ../lib-flash/lib_gd32/libflash.a(winbond.o)
 *fill*         0x000000000800733f        0x1 
 .rodata._ZL23winbond_spi_flash_table
                0x0000000008007340       0x90 ../lib-flash/lib_gd32/libflash.a(winbond.o)
 .rodata.str1.1
                0x00000000080073d0       0x10 ../lib-flash/lib_gd32/libflash.a(gigadevice.o)
 .rodata._ZL26gigadevice_spi_flash_table
                0x00000000080073e0       0x10 ../lib-flash/lib_gd32/libflash.a(gigadevice.o)
 .rodata.str1.1
                0x00000000080073f0       0x4d ../lib-flash/lib_gd32/libflash.a(macronix.o)
 *fill*         0x000000000800743d        0x3 
 .rodata._ZL24macronix_spi_flash_table
                0x0000000008007440       0x38 ../lib-flash/lib_gd32/libflash.a(macronix.o)
 .rodata.udp_bind.str1.1
                0x0000000008007478        0x5 ../lib-network/lib_gd32/libnetwork.a(udp.o)
 .rodata.udp_unbind.str1.1
                0x000000000800747d        0x8 ../lib-network/lib_gd32/libnetwork.a(udp.o)
 .rodata.udp_send.str1.1
                0x0000000008007485       0x39 ../lib-network/lib_gd32/libnetwork.a(udp.o)
 .rodata._ZN10TFTPDaemon13HandleRequestEv.str1.1
                0x00000000080074be       0x53 ../lib-network/lib_gd32/libnetwork.a(tftpdaemon.o)
 .rodata._ZN10TFTPDaemon14HandleRecvDataEv.str1.1
                0x0000000008007511        0xd ../lib-network/lib_gd32/libnetwork.a(tftpdaemon.o)
 *fill*         0x000000000800751e        0x2 
 .rodata._ZTV10TFTPDaemon
                0x0000000008007520       0x28 ../lib-network/lib_gd32/libnetwork.a(tftpdaemon.o)
                0x0000000008007520                vtable for TFTPDaemon
 .rodata._ZN7NetworkC2Ev.str1.1
                0x0000000008007548        0x5 ../lib-network/lib_gd32/libnetwork.a(network.o)
 .rodata._ZN7Network4InitEP18NetworkParamsStore.str1.1
                0x000000000800754d        0xc ../lib-network/lib_gd32/libnetwork.a(network.o)
 .rodata._ZN7Network5PrintEv.str1.1
                0x0000000008007559       0xd7 ../lib-network/lib_gd32/libnetwork.a(network.o)
 .rodata.console_init.str1.1
                0x0000000008007630        0xc ../lib-hal/lib_gd32/libhal.a(console_uart0.o)
 .rodata.console_set_fg_color.str1.1
                0x000000000800763c       0x1e ../lib-hal/lib_gd32/libhal.a(console_uart0.o)
 .rodata._ZN15FirmwareVersionC2EPKcS1_S1_.str1.1
                0x000000000800765a       0x24 ../lib-hal/lib_gd32/libhal.a(firmwareversion.o)
                                         0x2f (size before relaxing)
 *fill*         0x000000000800767e        0x2 
 .rodata.days_of_month
                0x0000000008007680       0x30 ../lib-c/lib_gd32/libc.a(time.o)
                0x00000000080076b0                . = ALIGN (0x4)

.ARM.extab
 *(.ARM.extab* .gnu.linkonce.armextab.*)

.ARM            0x00000000080076b0        0x8
                0x00000000080076b0                __exidx_start = .
 *(.ARM.exidx*)
 .ARM.exidx.text.__udivmoddi4
                0x00000000080076b0        0x8 /Users/arjanvanvught/Library/xPacks/@xpack-dev-tools/arm-none-eabi-gcc/11.3.1-1.1.2/.content/bin/../lib/gcc/arm-none-eabi/11.3.1/thumb/v7-m/nofp/libgcc.a(_udivmoddi4.o)
                0x00000000080076b8                __exidx_end = .

.rel.dyn        0x00000000080076b8        0x0
 .rel.iplt      0x00000000080076b8        0x0 build_gd32/startup_gd32f20x_cl.o

.ARM.attributes
                0x00000000080076b8       0x2f
 *(.ARM.attributes)
 .ARM.attributes
                0x00000000080076b8       0x21 build_gd32/startup_gd32f20x_cl.o
 .ARM.attributes
                0x00000000080076d9       0x2d build_gd32/firmware/main.o
 .ARM.attributes
                0x0000000008007706       0x2d build_gd32/lib/networkdisplay.o
 .ARM.attributes
                0x0000000008007733       0x2d /Users/arjanvanvught/Library/xPacks/@xpack-dev-tools/arm-none-eabi-gcc/11.3.1-1.1.2/.content/bin/../lib/gcc/arm-none-eabi/11.3.1/thumb/v7-m/nofp/libgcc.a(_popcountsi2.o)
 .ARM.attributes
                0x0000000008007760       0x2d ../lib-c/lib_gd32/libc.a(printf.o)
 .ARM.attributes
                0x000000000800778d       0x1d /Users/arjanvanvught/Library/xPacks/@xpack-dev-tools/arm-none-eabi-gcc/11.3.1-1.1.2/.content/bin/../lib/gcc/arm-none-eabi/11.3.1/thumb/v7-m/nofp/libgcc.a(_aeabi_uldivmod.o)
 .ARM.attributes
                0x00000000080077aa       0x2d /Users/arjanvanvught/Library/xPacks/@xpack-dev-tools/arm-none-eabi-gcc/11.3.1-1.1.2/.content/bin/../lib/gcc/arm-none-eabi/11.3.1/thumb/v7-m/nofp/libgcc.a(_udivmoddi4.o)
 .ARM.attributes
                0x00000000080077d7       0x1d /Users/arjanvanvught/Library/xPacks/@xpack-dev-tools/arm-none-eabi-gcc/11.3.1-1.1.2/.content/bin/../lib/gcc/arm-none-eabi/11.3.1/thumb/v7-m/nofp/libgcc.a(_dvmd_tls.o)
 .ARM.attributes
                0x00000000080077f4       0x2d ../lib-remoteconfig/lib_gd32/libremoteconfig.a(remoteconfig.o)
 .ARM.attributes
                0x0000000008007821       0x2d ../lib-remoteconfig/lib_gd32/libremoteconfig.a(remoteconfigfactory.o)
 .ARM.attributes
                0x000000000800784e       0x2d ../lib-remoteconfig/lib_gd32/libremoteconfig.a(remoteconfigparams.o)
 .ARM.attributes
                0x000000000800787b       0x2d ../lib-remoteconfig/lib_gd32/libremoteconfig.a(remoteconfigreboot.o)
 .ARM.attributes
                0x00000000080078a8       0x2d ../lib-remoteconfig/lib_gd32/libremoteconfig.a(tftpfileserver.o)
 .ARM.attributes
                0x00000000080078d5       0x2d ../lib-remoteconfig/lib_gd32/libremoteconfig.a(tftpfileserver.o)
 .ARM.attributes
                0x0000000008007902       0x2d ../lib-flashcodeinstall/lib_gd32/libflashcodeinstall.a(flashcodeinstall.o)
 .ARM.attributes
                0x000000000800792f       0x2d ../lib-flashcodeinstall/lib_gd32/libflashcodeinstall.a(flashcodeinstall.o)
 .ARM.attributes
                0x000000000800795c       0x2d ../lib-configstore/lib_gd32/libconfigstore.a(configstore.o)
 .ARM.attributes
                0x0000000008007989       0x2d ../lib-configstore/lib_gd32/libconfigstore.a(storenetwork.o)
 .ARM.attributes
                0x00000000080079b6       0x2d ../lib-configstore/lib_gd32/libconfigstore.a(storeremoteconfig.o)
 .ARM.attributes
                0x00000000080079e3       0x2d ../lib-configstore/lib_gd32/libconfigstore.a(storedevice.o)
 .ARM.attributes
                0x0000000008007a10       0x2d ../lib-display/lib_gd32/libdisplay.a(display.o)
 .ARM.attributes
                0x0000000008007a3d       0x2d ../lib-display/lib_gd32/libdisplay.a(ssd1306.o)
 .ARM.attributes
                0x0000000008007a6a       0x2d ../lib-display/lib_gd32/libdisplay.a(display_timeout.o)
 .ARM.attributes
                0x0000000008007a97       0x2d ../lib-flashcode/lib_gd32/libflashcode.a(flashcode.o)
 .ARM.attributes
                0x0000000008007ac4       0x2d ../lib-flashcode/lib_gd32/libflashcode.a(flashcode.o)
 .ARM.attributes
                0x0000000008007af1       0x2d ../lib-flash/lib_gd32/libflash.a(spi_flash.o)
 .ARM.attributes
                0x0000000008007b1e       0x2d ../lib-flash/lib_gd32/libflash.a(winbond.o)
 .ARM.attributes
                0x0000000008007b4b       0x2d ../lib-flash/lib_gd32/libflash.a(spi_flash.o)
 .ARM.attributes
                0x0000000008007b78       0x2d ../lib-flash/lib_gd32/libflash.a(get_timer.o)
 .ARM.attributes